B 2026/08/28 11:54:46.914 [ e ] - [ Rep ] Error al inicializar RepositorioDB: Could not load file or assembly 'System.Data.SqlClient, Version=4.6.1.0, Culture=neutral, PublicKeyToken=b03f5f7f11d50a3a'. El sistema no puede encontrar el archivo especificado.
D 2026/08/28 11:54:53.483 [ i ] - [ Seg ] El usuario [MAGNA\darijim1] ingresó a la vista [/usuarios].
D 2026/08/28 11:56:42.935 [ i ] - [ Seg ] El usuario [MAGNA\darijim1] ingresó a la vista [/usuarios].
D 2026/08/28 11:56:43.631 [ i ] - [ Seg ] El usuario [MAGNA\darijim1] ingresó a la vista [/usuarios/buscarcolaboradorescorporativos].
D 2026/08/28 11:58:19.316 [ i ] - [ Seg ] El usuario [MAGNA\darijim1] ingresó a la vista [/usuarios/buscarcolaboradorescorporativos].
D 2026/08/28 11:58:20.152 [ i ] - [ Seg ] El usuario [MAGNA\darijim1] ingresó a la vista [/usuarios/buscarcolaboradorescorporativos].
D 2026/08/28 11:58:21.470 [ i ] - [ Seg ] El usuario [MAGNA\darijim1] ingresó a la vista [/usuarios/buscarcolaboradorescorporativos].
D 2026/08/28 11:58:33.624 [ i ] - [ Seg ] El usuario [MAGNA\darijim1] ingresó a la vista [/usuarios/asignarnivel].
D 2026/08/28 11:58:33.820 [ i ] - [ Usu ] El usuario [MAGNA\darijim1] asignó Nivel [40] al colaborador [Darien Edwin Jimenez Gonzaga] (CWID: [darienedwin.jimenez]).
D 2026/08/28 11:59:19.618 [ i ] - [ Seg ] El usuario [MAGNA\darijim1] ingresó a la vista [/usuarios/buscarcolaboradorescorporativos].
D 2026/08/28 12:09:46.286 [ i ] - [ Seg ] El usuario [MAGNA\darijim1] ingresó a la vista [/auditoria].
D 2026/08/28 12:09:53.224 [ i ] - [ Seg ] El usuario [MAGNA\darijim1] ingresó a la vista [/usuarios].
D 2026/08/28 12:09:53.269 [ i ] - [ Seg ] El usuario [MAGNA\darijim1] ingresó a la vista [/usuarios/buscarcolaboradorescorporativos].
D 2026/08/28 12:18:17.059 [ i ] - [ Seg ] El usuario [MAGNA\darijim1] ingresó a la vista [/usuarios].
D 2026/08/28 12:18:18.380 [ i ] - [ Seg ] El usuario [MAGNA\darijim1] ingresó a la vista [/usuarios/buscarcolaboradorescorporativos].
D 2026/08/28 12:18:38.098 [ i ] - [ Seg ] El usuario [MAGNA\darijim1] ingresó a la vista [/].
D 2026/08/28 12:19:23.171 [ i ] - [ Seg ] El usuario [MAGNA\darijim1] ingresó a la vista [/].
D 2026/08/28 12:19:40.520 [ i ] - [ Seg ] El usuario [MAGNA\darijim1] ingresó a la vista [/].
D 2026/08/28 12:19:50.735 [ i ] - [ Seg ] El usuario [MAGNA\darijim1] ingresó a la vista [/].
D 2026/08/28 12:24:58.204 [ i ] - [ Seg ] El usuario [MAGNA\darijim1] ingresó a la vista [/].
D 2026/08/28 12:26:01.594 [ i ] - [ Seg ] El usuario [MAGNA\darijim1] ingresó a la vista [/].
D 2026/08/28 12:26:22.998 [ i ] - [ Seg ] El usuario [MAGNA\darijim1] ingresó a la vista [/usuarios].
D 2026/08/28 12:26:23.090 [ i ] - [ Seg ] El usuario [MAGNA\darijim1] ingresó a la vista [/usuarios/buscarcolaboradorescorporativos].
D 2026/08/28 12:26:39.300 [ i ] - [ Seg ] El usuario [MAGNA\darijim1] ingresó a la vista [/].
D 2026/08/28 12:26:41.214 [ i ] - [ Seg ] El usuario [MAGNA\darijim1] ingresó a la vista [/].
D 2026/08/28 12:26:56.902 [ i ] - [ Seg ] El usuario [MAGNA\darijim1] ingresó a la vista [/].
D 2026/08/28 12:26:58.925 [ i ] - [ Seg ] El usuario [MAGNA\darijim1] ingresó a la vista [/].
D 2026/08/28 12:27:00.599 [ i ] - [ Seg ] El usuario [MAGNA\darijim1] ingresó a la vista [/].
D 2026/08/28 12:27:01.380 [ i ] - [ Seg ] El usuario [MAGNA\darijim1] ingresó a la vista [/].
D 2026/08/28 12:27:01.950 [ i ] - [ Seg ] El usuario [MAGNA\darijim1] ingresó a la vista [/].
D 2026/08/28 12:27:02.966 [ i ] - [ Seg ] El usuario [MAGNA\darijim1] ingresó a la vista [/].
D 2026/08/28 12:27:04.208 [ i ] - [ Seg ] El usuario [MAGNA\darijim1] ingresó a la vista [/].
D 2026/08/28 12:27:06.417 [ i ] - [ Seg ] El usuario [MAGNA\darijim1] ingresó a la vista [/].
D 2026/08/28 12:27:07.656 [ i ] - [ Seg ] El usuario [MAGNA\darijim1] ingresó a la vista [/].
D 2026/08/28 12:27:08.404 [ i ] - [ Seg ] El usuario [MAGNA\darijim1] ingresó a la vista [/].
D 2026/08/28 12:27:09.045 [ i ] - [ Seg ] El usuario [MAGNA\darijim1] ingresó a la vista [/].
D 2026/08/28 12:27:09.967 [ i ] - [ Seg ] El usuario [MAGNA\darijim1] ingresó a la vista [/].
D 2026/08/28 12:27:10.591 [ i ] - [ Seg ] El usuario [MAGNA\darijim1] ingresó a la vista [/].
D 2026/08/28 12:27:14.399 [ i ] - [ Seg ] El usuario [MAGNA\darijim1] ingresó a la vista [/].
D 2026/08/28 12:50:32.098 [ i ] - [ Seg ] El usuario [MAGNA\darijim1] ingresó a la vista [/].
D 2026/08/28 12:51:56.116 [ i ] - [ Seg ] El usuario [MAGNA\darijim1] ingresó a la vista [/].
D 2026/08/31 08:35:10.036 [ i ] - [ Seg ] El usuario [MAGNA\darijim1] ingresó a la vista [/].
D 2026/08/31 08:36:42.983 [ i ] - [ Seg ] El usuario [MAGNA\darijim1] ingresó a la vista [/].
D 2026/08/31 08:37:24.893 [ i ] - [ Seg ] El usuario [MAGNA\darijim1] ingresó a la vista [/auditoria].
D 2026/08/31 08:37:27.021 [ i ] - [ Seg ] El usuario [MAGNA\darijim1] ingresó a la vista [/usuarios].
D 2026/08/31 08:37:27.113 [ i ] - [ Seg ] El usuario [MAGNA\darijim1] ingresó a la vista [/usuarios/buscarcolaboradorescorporativos].
D 2026/08/31 08:45:43.697 [ i ] - [ Seg ] El usuario [MAGNA\darijim1] ingresó a la vista [/usuarios].
D 2026/08/31 08:45:43.832 [ i ] - [ Seg ] El usuario [MAGNA\darijim1] ingresó a la vista [/usuarios/buscarcolaboradorescorporativos].
D 2026/08/31 08:45:46.842 [ i ] - [ Seg ] El usuario [MAGNA\darijim1] ingresó a la vista [/usuarios/buscarcolaboradorescorporativos].
D 2026/08/31 08:45:47.994 [ i ] - [ Seg ] El usuario [MAGNA\darijim1] ingresó a la vista [/usuarios/buscarcolaboradorescorporativos].
D 2026/08/31 08:47:36.858 [ i ] - [ Seg ] El usuario [MAGNA\darijim1] ingresó a la vista [/usuarios/buscarcolaboradorescorporativos].
D 2026/08/31 08:47:37.383 [ i ] - [ Seg ] El usuario [MAGNA\darijim1] ingresó a la vista [/usuarios/buscarcolaboradorescorporativos].
D 2026/08/31 08:47:38.374 [ i ] - [ Seg ] El usuario [MAGNA\darijim1] ingresó a la vista [/usuarios/buscarcolaboradorescorporativos].
D 2026/08/31 08:47:39.158 [ i ] - [ Seg ] El usuario [MAGNA\darijim1] ingresó a la vista [/usuarios/buscarcolaboradorescorporativos].
D 2026/08/31 08:47:40.622 [ i ] - [ Seg ] El usuario [MAGNA\darijim1] ingresó a la vista [/usuarios/buscarcolaboradorescorporativos].
D 2026/08/31 08:49:54.169 [ i ] - [ Seg ] El usuario [MAGNA\darijim1] ingresó a la vista [/usuarios].
D 2026/08/31 08:49:54.950 [ i ] - [ Seg ] El usuario [MAGNA\darijim1] ingresó a la vista [/usuarios/buscarcolaboradorescorporativos].
D 2026/08/31 09:09:32.248 [ i ] - [ Seg ] El usuario [MAGNA\darijim1] ingresó a la vista [/].
D 2026/08/31 09:09:54.668 [ i ] - [ Seg ] El usuario [MAGNA\darijim1] ingresó a la vista [/].
D 2026/08/31 09:10:25.161 [ i ] - [ Seg ] El usuario [MAGNA\darijim1] ingresó a la vista [/].
D 2026/08/31 09:10:38.545 [ i ] - [ Seg ] El usuario [MAGNA\darijim1] ingresó a la vista [/].
D 2026/08/31 09:10:54.778 [ i ] - [ Seg ] El usuario [MAGNA\darijim1] ingresó a la vista [/].
D 2026/08/31 09:11:54.045 [ i ] - [ Seg ] El usuario [MAGNA\darijim1] ingresó a la vista [/].
D 2026/08/31 09:12:00.749 [ i ] - [ Seg ] El usuario [MAGNA\darijim1] ingresó a la vista [/].
D 2026/08/31 09:13:05.511 [ i ] - [ Seg ] El usuario [MAGNA\darijim1] ingresó a la vista [/].
D 2026/08/31 09:13:15.350 [ i ] - [ Seg ] El usuario [MAGNA\darijim1] ingresó a la vista [/].
D 2026/08/31 09:13:16.150 [ i ] - [ Seg ] El usuario [MAGNA\darijim1] ingresó a la vista [/].
D 2026/08/31 09:13:27.397 [ i ] - [ Seg ] El usuario [MAGNA\darijim1] ingresó a la vista [/].
D 2026/08/31 09:20:02.331 [ i ] - [ Seg ] El usuario [MAGNA\darijim1] ingresó a la vista [/usuarios].
D 2026/08/31 09:20:02.433 [ i ] - [ Seg ] El usuario [MAGNA\darijim1] ingresó a la vista [/usuarios/buscarcolaboradorescorporativos].
D 2026/08/31 09:20:17.084 [ i ] - [ Seg ] El usuario [MAGNA\darijim1] ingresó a la vista [/usuarios/buscarcolaboradorescorporativos].
D 2026/08/31 09:20:18.079 [ i ] - [ Seg ] El usuario [MAGNA\darijim1] ingresó a la vista [/usuarios/buscarcolaboradorescorporativos].
D 2026/08/31 09:21:55.160 [ i ] - [ Seg ] El usuario [MAGNA\darijim1] ingresó a la vista [/auditoria].
D 2026/08/31 09:22:08.967 [ i ] - [ Seg ] El usuario [MAGNA\darijim1] ingresó a la vista [/auditoria/exportarcsv].
D 2026/08/31 09:22:15.504 [ i ] - [ Seg ] El usuario [MAGNA\darijim1] ingresó a la vista [/auditoria].
D 2026/08/31 09:22:24.452 [ i ] - [ Seg ] El usuario [MAGNA\darijim1] ingresó a la vista [/auditoria/exportarcsv].
D 2026/08/31 09:24:32.051 [ i ] - [ Seg ] El usuario [MAGNA\darijim1] ingresó a la vista [/].
D 2026/08/31 09:30:42.059 [ i ] - [ Seg ] El usuario [MAGNA\darijim1] ingresó a la vista [/].
D 2026/08/31 09:31:24.805 [ i ] - [ Seg ] El usuario [MAGNA\darijim1] ingresó a la vista [/].
D 2026/08/31 09:32:20.521 [ i ] - [ Seg ] El usuario [MAGNA\darijim1] ingresó a la vista [/].
D 2026/08/31 09:33:26.984 [ i ] - [ Seg ] El usuario [MAGNA\darijim1] ingresó a la vista [/].
D 2026/08/31 09:54:04.870 [ i ] - [ Seg ] El usuario [MAGNA\darijim1] ingresó a la vista [/].
D 2026/08/31 09:57:22.628 [ i ] - [ Seg ] El usuario [MAGNA\darijim1] ingresó a la vista [/].
D 2026/08/31 12:14:10.128 [ i ] - [ Seg ] El usuario [MAGNA\darijim1] ingresó a la vista [/calendario].
D 2026/08/31 12:14:19.244 [ i ] - [ Seg ] El usuario [MAGNA\darijim1] ingresó a la vista [/calendario].
D 2026/08/31 12:20:19.921 [ i ] - [ Seg ] El usuario [MAGNA\darijim1] ingresó a la vista [/usuarios].
D 2026/08/31 12:20:20.001 [ i ] - [ Seg ] El usuario [MAGNA\darijim1] ingresó a la vista [/usuarios/buscarcolaboradorescorporativos].
D 2026/08/31 12:20:23.177 [ i ] - [ Seg ] El usuario [MAGNA\darijim1] ingresó a la vista [/usuarios/buscarcolaboradorescorporativos].
D 2026/08/31 12:20:24.115 [ i ] - [ Seg ] El usuario [MAGNA\darijim1] ingresó a la vista [/usuarios/buscarcolaboradorescorporativos].
D 2026/08/31 12:21:53.811 [ i ] - [ Seg ] El usuario [MAGNA\darijim1] ingresó a la vista [/usuarios/buscarcolaboradorescorporativos].
D 2026/08/31 12:21:55.249 [ i ] - [ Seg ] El usuario [MAGNA\darijim1] ingresó a la vista [/usuarios/buscarcolaboradorescorporativos].
D 2026/08/31 12:21:55.924 [ i ] - [ Seg ] El usuario [MAGNA\darijim1] ingresó a la vista [/usuarios/buscarcolaboradorescorporativos].
D 2026/08/31 12:21:56.611 [ i ] - [ Seg ] El usuario [MAGNA\darijim1] ingresó a la vista [/usuarios/buscarcolaboradorescorporativos].
D 2026/08/31 12:22:28.990 [ i ] - [ Seg ] El usuario [MAGNA\darijim1] ingresó a la vista [/usuarios/buscarcolaboradorescorporativos].
D 2026/08/31 12:22:30.018 [ i ] - [ Seg ] El usuario [MAGNA\darijim1] ingresó a la vista [/usuarios/buscarcolaboradorescorporativos].
D 2026/08/31 12:22:31.709 [ i ] - [ Seg ] El usuario [MAGNA\darijim1] ingresó a la vista [/usuarios/buscarcolaboradorescorporativos].
D 2026/08/31 12:22:49.756 [ i ] - [ Seg ] El usuario [MAGNA\darijim1] ingresó a la vista [/usuarios/buscarcolaboradorescorporativos].
D 2026/08/31 12:22:50.354 [ i ] - [ Seg ] El usuario [MAGNA\darijim1] ingresó a la vista [/usuarios/buscarcolaboradorescorporativos].
D 2026/08/31 12:22:51.492 [ i ] - [ Seg ] El usuario [MAGNA\darijim1] ingresó a la vista [/usuarios/buscarcolaboradorescorporativos].
D 2026/08/31 12:22:53.331 [ i ] - [ Seg ] El usuario [MAGNA\darijim1] ingresó a la vista [/usuarios/buscarcolaboradorescorporativos].
D 2026/08/31 12:22:56.320 [ i ] - [ Seg ] El usuario [MAGNA\darijim1] ingresó a la vista [/usuarios/buscarcolaboradorescorporativos].
D 2026/08/31 12:22:56.958 [ i ] - [ Seg ] El usuario [MAGNA\darijim1] ingresó a la vista [/usuarios/buscarcolaboradorescorporativos].
D 2026/08/31 12:45:09.722 [ i ] - [ Seg ] El usuario [MAGNA\darijim1] ingresó a la vista [/usuarios].
D 2026/08/31 12:45:10.942 [ i ] - [ Seg ] El usuario [MAGNA\darijim1] ingresó a la vista [/usuarios/buscarcolaboradorescorporativos].
D 2026/09/01 09:07:14.180 [ i ] - [ Seg ] El usuario [MAGNA\darijim1] ingresó a la vista [/].
D 2026/09/01 09:07:21.298 [ i ] - [ Seg ] El usuario [MAGNA\darijim1] ingresó a la vista [/].
D 2026/09/01 09:07:22.378 [ i ] - [ Seg ] El usuario [MAGNA\darijim1] ingresó a la vista [/].
D 2026/09/01 09:41:28.629 [ i ] - [ Seg ] El usuario [MAGNA\darijim1] ingresó a la vista [/].
D 2026/09/01 09:47:45.109 [ i ] - [ Seg ] El usuario [MAGNA\darijim1] ingresó a la vista [/].
D 2026/09/01 09:47:51.200 [ i ] - [ Seg ] El usuario [MAGNA\darijim1] ingresó a la vista [/].
D 2026/09/01 09:56:46.304 [ i ] - [ Seg ] El usuario [MAGNA\darijim1] ingresó a la vista [/].
D 2026/09/01 09:57:45.257 [ i ] - [ Seg ] El usuario [MAGNA\darijim1] ingresó a la vista [/].
D 2026/09/01 09:58:43.935 [ i ] - [ Seg ] El usuario [MAGNA\darijim1] ingresó a la vista [/].
D 2026/09/01 09:58:45.165 [ i ] - [ Seg ] El usuario [MAGNA\darijim1] ingresó a la vista [/].
D 2026/09/01 09:58:51.950 [ i ] - [ Seg ] El usuario [MAGNA\darijim1] ingresó a la vista [/].
D 2026/09/01 09:58:53.822 [ i ] - [ Seg ] El usuario [MAGNA\darijim1] ingresó a la vista [/].
D 2026/09/01 09:59:00.287 [ i ] - [ Seg ] El usuario [MAGNA\darijim1] ingresó a la vista [/].
D 2026/09/01 09:59:07.888 [ i ] - [ Seg ] El usuario [MAGNA\darijim1] ingresó a la vista [/].
D 2026/09/01 09:59:11.895 [ i ] - [ Seg ] El usuario [MAGNA\darijim1] ingresó a la vista [/].
D 2026/09/01 09:59:33.316 [ i ] - [ Seg ] El usuario [MAGNA\darijim1] ingresó a la vista [/].
D 2026/09/01 09:59:57.256 [ i ] - [ Seg ] El usuario [MAGNA\darijim1] ingresó a la vista [/].
D 2026/09/01 10:00:00.071 [ i ] - [ Seg ] El usuario [MAGNA\darijim1] ingresó a la vista [/].
D 2026/09/01 10:00:02.585 [ i ] - [ Seg ] El usuario [MAGNA\darijim1] ingresó a la vista [/].
D 2026/09/01 10:00:08.884 [ i ] - [ Seg ] El usuario [MAGNA\darijim1] ingresó a la vista [/].
D 2026/09/01 10:00:13.921 [ i ] - [ Seg ] El usuario [MAGNA\darijim1] ingresó a la vista [/].
D 2026/09/01 10:00:48.670 [ i ] - [ Seg ] El usuario [MAGNA\darijim1] ingresó a la vista [/].
D 2026/09/01 10:00:52.727 [ i ] - [ Seg ] El usuario [MAGNA\darijim1] ingresó a la vista [/].
D 2026/09/01 10:01:06.688 [ i ] - [ Seg ] El usuario [MAGNA\darijim1] ingresó a la vista [/].
D 2026/09/01 10:01:20.313 [ i ] - [ Seg ] El usuario [MAGNA\darijim1] ingresó a la vista [/].
D 2026/09/01 10:01:26.919 [ i ] - [ Seg ] El usuario [MAGNA\darijim1] ingresó a la vista [/].
D 2026/09/01 10:01:37.042 [ i ] - [ Seg ] El usuario [MAGNA\darijim1] ingresó a la vista [/].
D 2026/09/01 10:01:39.737 [ i ] - [ Seg ] El usuario [MAGNA\darijim1] ingresó a la vista [/].
D 2026/09/01 10:01:43.569 [ i ] - [ Seg ] El usuario [MAGNA\darijim1] ingresó a la vista [/].
D 2026/09/01 10:01:49.485 [ i ] - [ Seg ] El usuario [MAGNA\darijim1] ingresó a la vista [/].
D 2026/09/01 10:01:55.644 [ i ] - [ Seg ] El usuario [MAGNA\darijim1] ingresó a la vista [/].
D 2026/09/01 10:23:50.936 [ i ] - [ Seg ] El usuario [MAGNA\darijim1] ingresó a la vista [/].
D 2026/09/01 10:24:08.664 [ i ] - [ Seg ] El usuario [MAGNA\darijim1] ingresó a la vista [/].
D 2026/09/01 10:25:17.626 [ i ] - [ Seg ] El usuario [MAGNA\darijim1] ingresó a la vista [/].
D 2026/09/01 10:25:26.988 [ i ] - [ Seg ] El usuario [MAGNA\darijim1] ingresó a la vista [/].
D 2026/09/01 10:26:46.480 [ i ] - [ Seg ] El usuario [MAGNA\darijim1] ingresó a la vista [/].
D 2026/09/01 10:27:10.592 [ i ] - [ Seg ] El usuario [MAGNA\darijim1] ingresó a la vista [/].
D 2026/09/01 10:31:42.333 [ i ] - [ Seg ] El usuario [MAGNA\darijim1] ingresó a la vista [/].
D 2026/09/01 10:41:30.853 [ i ] - [ Seg ] El usuario [MAGNA\darijim1] ingresó a la vista [/].
D 2026/09/01 10:44:09.091 [ i ] - [ Seg ] El usuario [MAGNA\darijim1] ingresó a la vista [/].
D 2026/09/01 10:44:29.858 [ i ] - [ Seg ] El usuario [MAGNA\darijim1] ingresó a la vista [/].
D 2026/09/01 10:44:37.928 [ i ] - [ Seg ] El usuario [MAGNA\darijim1] ingresó a la vista [/].
D 2026/09/01 10:45:21.281 [ i ] - [ Seg ] El usuario [MAGNA\darijim1] ingresó a la vista [/].
D 2026/09/01 10:45:34.346 [ i ] - [ Seg ] El usuario [MAGNA\darijim1] ingresó a la vista [/].
D 2026/09/01 10:46:00.992 [ i ] - [ Seg ] El usuario [MAGNA\darijim1] ingresó a la vista [/].
D 2026/09/01 10:46:04.343 [ i ] - [ Seg ] El usuario [MAGNA\darijim1] ingresó a la vista [/].
D 2026/09/01 10:46:07.094 [ i ] - [ Seg ] El usuario [MAGNA\darijim1] ingresó a la vista [/].
D 2026/09/01 10:59:33.795 [ i ] - [ Seg ] El usuario [MAGNA\darijim1] ingresó a la vista [/].
D 2026/09/01 10:59:39.589 [ i ] - [ Seg ] El usuario [MAGNA\darijim1] ingresó a la vista [/].
D 2026/09/01 10:59:40.931 [ i ] - [ Seg ] El usuario [MAGNA\darijim1] ingresó a la vista [/].
D 2026/09/01 10:59:42.579 [ i ] - [ Seg ] El usuario [MAGNA\darijim1] ingresó a la vista [/].
D 2026/09/01 10:59:45.140 [ i ] - [ Seg ] El usuario [MAGNA\darijim1] ingresó a la vista [/].
D 2026/09/01 10:59:46.618 [ i ] - [ Seg ] El usuario [MAGNA\darijim1] ingresó a la vista [/].
D 2026/09/01 10:59:49.316 [ i ] - [ Seg ] El usuario [MAGNA\darijim1] ingresó a la vista [/].
D 2026/09/01 10:59:51.556 [ i ] - [ Seg ] El usuario [MAGNA\darijim1] ingresó a la vista [/].
D 2026/09/01 10:59:53.251 [ i ] - [ Seg ] El usuario [MAGNA\darijim1] ingresó a la vista [/].
D 2026/09/01 10:59:55.695 [ i ] - [ Seg ] El usuario [MAGNA\darijim1] ingresó a la vista [/].
D 2026/09/01 11:02:35.620 [ i ] - [ Seg ] El usuario [MAGNA\darijim1] ingresó a la vista [/].
D 2026/09/01 11:02:41.428 [ i ] - [ Seg ] El usuario [MAGNA\darijim1] ingresó a la vista [/].
D 2026/09/01 11:02:42.779 [ i ] - [ Seg ] El usuario [MAGNA\darijim1] ingresó a la vista [/].
D 2026/09/01 11:02:52.156 [ i ] - [ Seg ] El usuario [MAGNA\darijim1] ingresó a la vista [/].
D 2026/09/01 11:06:22.266 [ i ] - [ Seg ] El usuario [MAGNA\darijim1] ingresó a la vista [/].
D 2026/09/01 11:13:20.376 [ i ] - [ Seg ] El usuario [MAGNA\darijim1] ingresó a la vista [/].
D 2026/09/01 11:13:23.094 [ i ] - [ Seg ] El usuario [MAGNA\darijim1] ingresó a la vista [/].
D 2026/09/01 11:23:54.138 [ i ] - [ Seg ] El usuario [MAGNA\darijim1] ingresó a la vista [/].
D 2026/09/01 11:24:37.435 [ i ] - [ Seg ] El usuario [MAGNA\darijim1] ingresó a la vista [/].
D 2026/09/01 11:24:58.562 [ i ] - [ Seg ] El usuario [MAGNA\darijim1] ingresó a la vista [/].
D 2026/09/01 11:25:18.809 [ i ] - [ Seg ] El usuario [MAGNA\darijim1] ingresó a la vista [/].
D 2026/09/01 11:25:29.128 [ i ] - [ Seg ] El usuario [MAGNA\darijim1] ingresó a la vista [/].
D 2026/09/01 11:25:32.129 [ i ] - [ Seg ] El usuario [MAGNA\darijim1] ingresó a la vista [/].
D 2026/09/01 11:25:34.001 [ i ] - [ Seg ] El usuario [MAGNA\darijim1] ingresó a la vista [/].
D 2026/09/01 11:25:37.352 [ i ] - [ Seg ] El usuario [MAGNA\darijim1] ingresó a la vista [/].
D 2026/09/01 11:25:37.975 [ i ] - [ Seg ] El usuario [MAGNA\darijim1] ingresó a la vista [/].
D 2026/09/01 11:25:43.257 [ i ] - [ Seg ] El usuario [MAGNA\darijim1] ingresó a la vista [/].
D 2026/09/01 11:25:46.248 [ i ] - [ Seg ] El usuario [MAGNA\darijim1] ingresó a la vista [/].
D 2026/09/01 11:25:52.968 [ i ] - [ Seg ] El usuario [MAGNA\darijim1] ingresó a la vista [/].
D 2026/09/01 11:25:53.872 [ i ] - [ Seg ] El usuario [MAGNA\darijim1] ingresó a la vista [/].
D 2026/09/01 11:25:55.553 [ i ] - [ Seg ] El usuario [MAGNA\darijim1] ingresó a la vista [/].
D 2026/09/01 11:25:56.929 [ i ] - [ Seg ] El usuario [MAGNA\darijim1] ingresó a la vista [/].
D 2026/09/01 11:25:57.684 [ i ] - [ Seg ] El usuario [MAGNA\darijim1] ingresó a la vista [/].
D 2026/09/01 11:26:06.032 [ i ] - [ Seg ] El usuario [MAGNA\darijim1] ingresó a la vista [/].
D 2026/09/01 11:26:09.318 [ i ] - [ Seg ] El usuario [MAGNA\darijim1] ingresó a la vista [/].
D 2026/09/01 11:26:12.600 [ i ] - [ Seg ] El usuario [MAGNA\darijim1] ingresó a la vista [/].
D 2026/09/01 12:01:58.147 [ i ] - [ Seg ] El usuario [MAGNA\darijim1] ingresó a la vista [/usuarios].
D 2026/09/01 12:01:58.253 [ i ] - [ Seg ] El usuario [MAGNA\darijim1] ingresó a la vista [/usuarios/buscarcolaboradorescorporativos].
D 2026/09/01 12:02:01.179 [ i ] - [ Seg ] El usuario [MAGNA\darijim1] ingresó a la vista [/usuarios/buscarcolaboradorescorporativos].
D 2026/09/01 12:02:02.126 [ i ] - [ Seg ] El usuario [MAGNA\darijim1] ingresó a la vista [/usuarios/buscarcolaboradorescorporativos].
D 2026/09/01 12:02:02.626 [ i ] - [ Seg ] El usuario [MAGNA\darijim1] ingresó a la vista [/usuarios/buscarcolaboradorescorporativos].
D 2026/09/01 12:02:02.966 [ i ] - [ Seg ] El usuario [MAGNA\darijim1] ingresó a la vista [/usuarios/buscarcolaboradorescorporativos].
D 2026/09/01 12:02:05.801 [ i ] - [ Seg ] El usuario [MAGNA\darijim1] ingresó a la vista [/usuarios/buscarcolaboradorescorporativos].
D 2026/09/01 12:02:32.709 [ i ] - [ Seg ] El usuario [MAGNA\darijim1] ingresó a la vista [/usuarios/buscarcolaboradorescorporativos].
D 2026/09/01 12:02:33.407 [ i ] - [ Seg ] El usuario [MAGNA\darijim1] ingresó a la vista [/usuarios/buscarcolaboradorescorporativos].
D 2026/09/01 12:38:40.272 [ i ] - [ Seg ] El usuario [MAGNA\darijim1] ingresó a la vista [/].
D 2026/09/01 12:41:12.245 [ i ] - [ Seg ] El usuario [MAGNA\darijim1] ingresó a la vista [/calendario/guardarparosprogramacion].
D 2026/09/01 12:41:12.380 [ i ] - [ Seg ] El usuario [MAGNA\darijim1] ingresó a la vista [/].
D 2026/09/01 12:53:36.282 [ i ] - [ Seg ] El usuario [MAGNA\darijim1] ingresó a la vista [/].
D 2026/09/01 12:54:34.484 [ i ] - [ Seg ] El usuario [MAGNA\darijim1] ingresó a la vista [/calendario/guardarparosprogramacion].
D 2026/09/01 12:54:34.606 [ i ] - [ Seg ] El usuario [MAGNA\darijim1] ingresó a la vista [/].
D 2026/09/01 13:01:52.050 [ i ] - [ Seg ] El usuario [MAGNA\darijim1] ingresó a la vista [/].
D 2026/09/01 13:50:29.885 [ i ] - [ Seg ] El usuario [MAGNA\darijim1] ingresó a la vista [/auditoria].
D 2026/09/01 13:50:31.390 [ i ] - [ Seg ] El usuario [MAGNA\darijim1] ingresó a la vista [/usuarios].
D 2026/09/01 13:50:31.447 [ i ] - [ Seg ] El usuario [MAGNA\darijim1] ingresó a la vista [/usuarios/buscarcolaboradorescorporativos].
D 2026/09/02 09:00:24.785 [ i ] - [ Seg ] El usuario [MAGNA\darijim1] ingresó a la vista [/].
D 2026/09/02 09:03:24.404 [ i ] - [ Seg ] El usuario [MAGNA\darijim1] ingresó a la vista [/].
D 2026/09/02 09:04:47.010 [ i ] - [ Seg ] El usuario [MAGNA\darijim1] ingresó a la vista [/].
D 2026/09/02 09:07:21.652 [ i ] - [ Seg ] El usuario [MAGNA\darijim1] ingresó a la vista [/].
D 2026/09/02 09:07:24.862 [ i ] - [ Seg ] El usuario [MAGNA\darijim1] ingresó a la vista [/].
D 2026/09/02 09:07:26.598 [ i ] - [ Seg ] El usuario [MAGNA\darijim1] ingresó a la vista [/].
D 2026/09/02 09:07:27.542 [ i ] - [ Seg ] El usuario [MAGNA\darijim1] ingresó a la vista [/].
D 2026/09/02 09:27:59.843 [ i ] - [ Seg ] El usuario [MAGNA\darijim1] ingresó a la vista [/].
D 2026/09/02 09:28:06.254 [ i ] - [ Seg ] El usuario [MAGNA\darijim1] ingresó a la vista [/].
D 2026/09/02 09:29:18.676 [ i ] - [ Seg ] El usuario [MAGNA\darijim1] ingresó a la vista [/calendario/guardarparosprogramacion].
D 2026/09/02 09:29:19.726 [ i ] - [ Seg ] El usuario [MAGNA\darijim1] ingresó a la vista [/].
D 2026/09/02 09:29:45.805 [ i ] - [ Seg ] El usuario [MAGNA\darijim1] ingresó a la vista [/].
D 2026/09/02 09:29:49.781 [ i ] - [ Seg ] El usuario [MAGNA\darijim1] ingresó a la vista [/].
D 2026/09/02 09:29:51.173 [ i ] - [ Seg ] El usuario [MAGNA\darijim1] ingresó a la vista [/].
D 2026/09/02 09:29:53.030 [ i ] - [ Seg ] El usuario [MAGNA\darijim1] ingresó a la vista [/].
D 2026/09/02 09:29:54.329 [ i ] - [ Seg ] El usuario [MAGNA\darijim1] ingresó a la vista [/].
D 2026/09/02 09:29:58.854 [ i ] - [ Seg ] El usuario [MAGNA\darijim1] ingresó a la vista [/].
D 2026/09/02 09:39:15.636 [ i ] - [ Seg ] El usuario [MAGNA\darijim1] ingresó a la vista [/].
D 2026/09/02 09:39:21.774 [ i ] - [ Seg ] El usuario [MAGNA\darijim1] ingresó a la vista [/].
D 2026/09/02 09:44:06.154 [ i ] - [ Seg ] El usuario [MAGNA\darijim1] ingresó a la vista [/].
D 2026/09/02 09:44:07.256 [ i ] - [ Seg ] El usuario [MAGNA\darijim1] ingresó a la vista [/].
D 2026/09/02 09:50:36.661 [ i ] - [ Seg ] El usuario [MAGNA\darijim1] ingresó a la vista [/].
D 2026/09/02 10:00:28.550 [ i ] - [ Seg ] El usuario [MAGNA\darijim1] ingresó a la vista [/].
D 2026/09/02 10:00:31.316 [ i ] - [ Seg ] El usuario [MAGNA\darijim1] ingresó a la vista [/].
D 2026/09/02 10:01:42.087 [ i ] - [ Seg ] El usuario [MAGNA\darijim1] ingresó a la vista [/].
D 2026/09/02 10:13:07.990 [ i ] - [ Seg ] El usuario [MAGNA\darijim1] ingresó a la vista [/calendario/guardarparosprogramacion].
D 2026/09/02 10:15:04.140 [ i ] - [ Seg ] El usuario [MAGNA\darijim1] ingresó a la vista [/calendario/guardarparosprogramacion].
D 2026/09/02 10:18:52.245 [ i ] - [ Seg ] El usuario [MAGNA\darijim1] ingresó a la vista [/calendario/guardarparosprogramacion].
D 2026/09/02 10:25:25.191 [ i ] - [ Seg ] El usuario [MAGNA\darijim1] ingresó a la vista [/calendario/guardarparosprogramacion].
D 2026/09/02 10:31:42.829 [ i ] - [ Seg ] El usuario [MAGNA\darijim1] ingresó a la vista [/calendario/guardarparosprogramacion].
D 2026/09/02 10:32:09.652 [ i ] - [ Seg ] El usuario [MAGNA\darijim1] ingresó a la vista [/calendario/guardarparosprogramacion].
D 2026/09/02 10:34:01.693 [ i ] - [ Seg ] El usuario [MAGNA\darijim1] ingresó a la vista [/calendario/guardarparosprogramacion].
D 2026/09/02 10:44:05.504 [ i ] - [ Seg ] El usuario [MAGNA\darijim1] ingresó a la vista [/].
D 2026/09/02 10:44:20.316 [ i ] - [ Seg ] El usuario [MAGNA\darijim1] ingresó a la vista [/usuarios].
D 2026/09/02 10:44:20.371 [ i ] - [ Seg ] El usuario [MAGNA\darijim1] ingresó a la vista [/usuarios/buscarcolaboradorescorporativos].
D 2026/09/02 10:44:23.339 [ i ] - [ Seg ] El usuario [MAGNA\darijim1] ingresó a la vista [/auditoria].
D 2026/09/02 10:44:29.842 [ i ] - [ Seg ] El usuario [MAGNA\darijim1] ingresó a la vista [/].
D 2026/09/02 10:49:27.675 [ i ] - [ Seg ] El usuario [MAGNA\darijim1] ingresó a la vista [/].
D 2026/09/02 10:49:33.792 [ i ] - [ Seg ] El usuario [MAGNA\darijim1] ingresó a la vista [/].
D 2026/09/02 10:51:17.801 [ i ] - [ Seg ] El usuario [MAGNA\darijim1] ingresó a la vista [/usuarios].
D 2026/09/02 10:51:17.886 [ i ] - [ Seg ] El usuario [MAGNA\darijim1] ingresó a la vista [/usuarios/buscarcolaboradorescorporativos].
D 2026/09/02 10:51:18.641 [ i ] - [ Seg ] El usuario [MAGNA\darijim1] ingresó a la vista [/auditoria].
D 2026/09/02 10:52:10.128 [ i ] - [ Seg ] El usuario [MAGNA\darijim1] ingresó a la vista [/auditoria].
D 2026/09/02 10:53:48.311 [ i ] - [ Seg ] El usuario [MAGNA\darijim1] ingresó a la vista [/auditoria].
D 2026/09/02 10:53:50.250 [ i ] - [ Seg ] El usuario [MAGNA\darijim1] ingresó a la vista [/usuarios].
D 2026/09/02 10:53:50.332 [ i ] - [ Seg ] El usuario [MAGNA\darijim1] ingresó a la vista [/usuarios/buscarcolaboradorescorporativos].
D 2026/09/02 10:54:20.127 [ i ] - [ Seg ] El usuario [MAGNA\darijim1] ingresó a la vista [/].
D 2026/09/02 10:54:27.448 [ i ] - [ Seg ] El usuario [MAGNA\darijim1] ingresó a la vista [/].
D 2026/09/02 10:56:54.678 [ i ] - [ Seg ] El usuario [MAGNA\darijim1] ingresó a la vista [/].
D 2026/09/02 12:06:08.675 [ i ] - [ Seg ] El usuario [MAGNA\darijim1] ingresó a la vista [/].
D 2026/09/02 13:55:13.675 [ i ] - [ Seg ] El usuario [MAGNA\darijim1] ingresó a la vista [/usuarios].
D 2026/09/02 13:55:13.848 [ i ] - [ Seg ] El usuario [MAGNA\darijim1] ingresó a la vista [/usuarios/buscarcolaboradorescorporativos].
D 2026/09/02 13:55:18.809 [ i ] - [ Seg ] El usuario [MAGNA\darijim1] ingresó a la vista [/usuarios/buscarcolaboradorescorporativos].
D 2026/09/02 13:55:19.776 [ i ] - [ Seg ] El usuario [MAGNA\darijim1] ingresó a la vista [/usuarios/buscarcolaboradorescorporativos].
D 2026/09/02 13:55:20.660 [ i ] - [ Seg ] El usuario [MAGNA\darijim1] ingresó a la vista [/usuarios/buscarcolaboradorescorporativos].
D 2026/09/02 13:57:08.081 [ i ] - [ Seg ] El usuario [MAGNA\darijim1] ingresó a la vista [/usuarios/asignarnivel].
D 2026/09/02 13:57:08.110 [ i ] - [ Usu ] El usuario [darijim1] (sistemas) asignó Nivel [40] al colaborador [Allan Octavio Castro Cruz] (CWID: [allanoctavio.castro]).
D 2026/09/02 13:57:11.356 [ i ] - [ Seg ] El usuario [MAGNA\darijim1] ingresó a la vista [/usuarios/buscarcolaboradorescorporativos].
D 2026/09/02 13:57:12.588 [ i ] - [ Seg ] El usuario [MAGNA\darijim1] ingresó a la vista [/usuarios/buscarcolaboradorescorporativos].
D 2026/09/02 13:57:13.324 [ i ] - [ Seg ] El usuario [MAGNA\darijim1] ingresó a la vista [/usuarios/buscarcolaboradorescorporativos].
D 2026/09/02 13:57:29.074 [ i ] - [ Seg ] El usuario [MAGNA\darijim1] ingresó a la vista [/usuarios/buscarcolaboradorescorporativos].
D 2026/09/02 13:57:36.782 [ i ] - [ Seg ] El usuario [MAGNA\darijim1] ingresó a la vista [/usuarios/buscarcolaboradorescorporativos].
D 2026/09/02 13:57:37.714 [ i ] - [ Seg ] El usuario [MAGNA\darijim1] ingresó a la vista [/usuarios/buscarcolaboradorescorporativos].
D 2026/09/02 13:57:39.048 [ i ] - [ Seg ] El usuario [MAGNA\darijim1] ingresó a la vista [/usuarios/buscarcolaboradorescorporativos].
D 2026/09/02 13:57:40.295 [ i ] - [ Seg ] El usuario [MAGNA\darijim1] ingresó a la vista [/usuarios/buscarcolaboradorescorporativos].
D 2026/09/02 13:57:52.586 [ i ] - [ Seg ] El usuario [MAGNA\darijim1] ingresó a la vista [/usuarios/asignarnivel].
D 2026/09/02 13:57:52.603 [ i ] - [ Usu ] El usuario [darijim1] (sistemas) asignó Nivel [30] al colaborador [David Galvan Martinez] (CWID: [david.galvan]).
D 2026/09/02 13:57:59.806 [ i ] - [ Seg ] El usuario [MAGNA\darijim1] ingresó a la vista [/usuarios/buscarcolaboradorescorporativos].
D 2026/09/02 13:58:57.937 [ i ] - [ Seg ] El usuario [MAGNA\darijim1] ingresó a la vista [/usuarios/buscarcolaboradorescorporativos].
D 2026/09/02 13:58:58.432 [ i ] - [ Seg ] El usuario [MAGNA\darijim1] ingresó a la vista [/usuarios/buscarcolaboradorescorporativos].
D 2026/09/02 13:59:00.021 [ i ] - [ Seg ] El usuario [MAGNA\darijim1] ingresó a la vista [/usuarios/buscarcolaboradorescorporativos].
D 2026/09/02 13:59:00.668 [ i ] - [ Seg ] El usuario [MAGNA\darijim1] ingresó a la vista [/usuarios/buscarcolaboradorescorporativos].
D 2026/09/02 13:59:01.940 [ i ] - [ Seg ] El usuario [MAGNA\darijim1] ingresó a la vista [/usuarios/buscarcolaboradorescorporativos].
D 2026/09/02 13:59:02.624 [ i ] - [ Seg ] El usuario [MAGNA\darijim1] ingresó a la vista [/usuarios/buscarcolaboradorescorporativos].
D 2026/09/02 13:59:12.425 [ i ] - [ Seg ] El usuario [MAGNA\darijim1] ingresó a la vista [/usuarios/buscarcolaboradorescorporativos].
D 2026/09/02 13:59:13.046 [ i ] - [ Seg ] El usuario [MAGNA\darijim1] ingresó a la vista [/usuarios/buscarcolaboradorescorporativos].
D 2026/09/02 13:59:13.747 [ i ] - [ Seg ] El usuario [MAGNA\darijim1] ingresó a la vista [/usuarios/buscarcolaboradorescorporativos].
D 2026/09/02 13:59:15.164 [ i ] - [ Seg ] El usuario [MAGNA\darijim1] ingresó a la vista [/usuarios/buscarcolaboradorescorporativos].
D 2026/09/02 13:59:21.775 [ i ] - [ Seg ] El usuario [MAGNA\darijim1] ingresó a la vista [/usuarios/buscarcolaboradorescorporativos].
D 2026/09/02 13:59:22.829 [ i ] - [ Seg ] El usuario [MAGNA\darijim1] ingresó a la vista [/usuarios/buscarcolaboradorescorporativos].
D 2026/09/02 13:59:42.353 [ i ] - [ Seg ] El usuario [MAGNA\darijim1] ingresó a la vista [/usuarios/buscarcolaboradorescorporativos].
D 2026/09/02 13:59:44.085 [ i ] - [ Seg ] El usuario [MAGNA\darijim1] ingresó a la vista [/usuarios/buscarcolaboradorescorporativos].
D 2026/09/02 13:59:44.472 [ i ] - [ Seg ] El usuario [MAGNA\darijim1] ingresó a la vista [/usuarios/buscarcolaboradorescorporativos].
D 2026/09/02 13:59:45.714 [ i ] - [ Seg ] El usuario [MAGNA\darijim1] ingresó a la vista [/usuarios/buscarcolaboradorescorporativos].
D 2026/09/02 13:59:51.777 [ i ] - [ Seg ] El usuario [MAGNA\darijim1] ingresó a la vista [/usuarios/buscarcolaboradorescorporativos].
D 2026/09/02 14:00:20.856 [ i ] - [ Seg ] El usuario [MAGNA\darijim1] ingresó a la vista [/usuarios/buscarcolaboradorescorporativos].
D 2026/09/02 14:00:22.520 [ i ] - [ Seg ] El usuario [MAGNA\darijim1] ingresó a la vista [/usuarios/buscarcolaboradorescorporativos].
D 2026/09/02 14:00:24.440 [ i ] - [ Seg ] El usuario [MAGNA\darijim1] ingresó a la vista [/usuarios/buscarcolaboradorescorporativos].
D 2026/09/02 14:00:25.437 [ i ] - [ Seg ] El usuario [MAGNA\darijim1] ingresó a la vista [/usuarios/buscarcolaboradorescorporativos].
D 2026/09/02 14:00:28.192 [ i ] - [ Seg ] El usuario [MAGNA\darijim1] ingresó a la vista [/usuarios/buscarcolaboradorescorporativos].
D 2026/09/02 14:00:42.090 [ i ] - [ Seg ] El usuario [MAGNA\darijim1] ingresó a la vista [/usuarios/asignarnivel].
D 2026/09/02 14:00:42.101 [ i ] - [ Usu ] El usuario [darijim1] (sistemas) asignó Nivel [20] al colaborador [Jose Eduardo Sanchez Rosas] (CWID: [jose.sanchez]).
D 2026/09/02 14:00:56.672 [ i ] - [ Seg ] El usuario [MAGNA\darijim1] ingresó a la vista [/usuarios/asignarnivel].
D 2026/09/02 14:00:56.685 [ i ] - [ Usu ] El usuario [darijim1] (sistemas) asignó Nivel [10] al colaborador [Sergio Diaz Juarez] (CWID: [sergio.diaz1]).
D 2026/09/02 14:14:56.608 [ i ] - [ Seg ] El usuario [MAGNA\darijim1] ingresó a la vista [/usuarios].
D 2026/09/02 14:14:57.338 [ i ] - [ Seg ] El usuario [MAGNA\darijim1] ingresó a la vista [/usuarios/buscarcolaboradorescorporativos].
D 2026/09/02 14:15:02.699 [ i ] - [ Seg ] El usuario [MAGNA\darijim1] ingresó a la vista [/usuarios].
D 2026/09/02 14:15:02.750 [ i ] - [ Seg ] El usuario [MAGNA\darijim1] ingresó a la vista [/usuarios/buscarcolaboradorescorporativos].
D 2026/09/02 14:15:04.109 [ i ] - [ Seg ] El usuario [MAGNA\darijim1] ingresó a la vista [/usuarios].
D 2026/09/02 14:15:04.150 [ i ] - [ Seg ] El usuario [MAGNA\darijim1] ingresó a la vista [/usuarios/buscarcolaboradorescorporativos].
D 2026/09/02 14:15:08.882 [ i ] - [ Seg ] El usuario [MAGNA\darijim1] ingresó a la vista [/usuarios].
D 2026/09/02 14:15:08.929 [ i ] - [ Seg ] El usuario [MAGNA\darijim1] ingresó a la vista [/usuarios/buscarcolaboradorescorporativos].
D 2026/09/02 14:15:11.292 [ i ] - [ Seg ] El usuario [MAGNA\darijim1] ingresó a la vista [/usuarios].
D 2026/09/02 14:15:11.331 [ i ] - [ Seg ] El usuario [MAGNA\darijim1] ingresó a la vista [/usuarios/buscarcolaboradorescorporativos].
D 2026/09/02 14:32:35.106 [ i ] - [ Seg ] El usuario [MAGNA\darijim1] ingresó a la vista [/usuarios].
D 2026/09/02 14:33:03.730 [ i ] - [ Seg ] El usuario [MAGNA\darijim1] ingresó a la vista [/usuarios].
D 2026/09/02 14:34:39.172 [ i ] - [ Seg ] El usuario [MAGNA\darijim1] ingresó a la vista [/calendario].
D 2026/09/02 14:36:52.652 [ i ] - [ Seg ] El usuario [MAGNA\darijim1] ingresó a la vista [/calendario].
D 2026/09/02 14:36:55.285 [ i ] - [ Seg ] El usuario [MAGNA\darijim1] ingresó a la vista [/calendario].
D 2026/09/02 14:36:57.657 [ i ] - [ Seg ] El usuario [MAGNA\darijim1] ingresó a la vista [/calendario].
D 2026/09/02 14:37:00.872 [ i ] - [ Seg ] El usuario [MAGNA\darijim1] ingresó a la vista [/calendario].
D 2026/09/02 14:37:02.379 [ i ] - [ Seg ] El usuario [MAGNA\darijim1] ingresó a la vista [/calendario].
D 2026/09/02 14:37:04.296 [ i ] - [ Seg ] El usuario [MAGNA\darijim1] ingresó a la vista [/calendario].
D 2026/09/02 14:37:06.450 [ i ] - [ Seg ] El usuario [MAGNA\darijim1] ingresó a la vista [/calendario].
D 2026/09/02 14:37:08.607 [ i ] - [ Seg ] El usuario [MAGNA\darijim1] ingresó a la vista [/calendario].
D 2026/09/02 14:38:25.407 [ i ] - [ Seg ] El usuario [MAGNA\darijim1] ingresó a la vista [/calendario].
D 2026/09/02 14:38:27.031 [ i ] - [ Seg ] El usuario [MAGNA\darijim1] ingresó a la vista [/calendario].
D 2026/09/02 14:38:28.465 [ i ] - [ Seg ] El usuario [MAGNA\darijim1] ingresó a la vista [/calendario].
D 2026/09/02 14:38:29.831 [ i ] - [ Seg ] El usuario [MAGNA\darijim1] ingresó a la vista [/calendario].
D 2026/09/02 14:38:31.013 [ i ] - [ Seg ] El usuario [MAGNA\darijim1] ingresó a la vista [/calendario].
D 2026/09/02 14:38:36.139 [ i ] - [ Seg ] El usuario [MAGNA\darijim1] ingresó a la vista [/calendario].
D 2026/09/02 14:38:43.846 [ i ] - [ Seg ] El usuario [MAGNA\darijim1] ingresó a la vista [/].
D 2026/09/02 14:38:47.088 [ i ] - [ Seg ] El usuario [MAGNA\darijim1] ingresó a la vista [/].
D 2026/09/02 14:39:00.180 [ i ] - [ Seg ] El usuario [MAGNA\darijim1] ingresó a la vista [/].
D 2026/09/03 08:14:57.501 [ i ] - [ Seg ] El usuario [MAGNA\darijim1] ingresó a la vista [/].
D 2026/09/03 08:19:43.034 [ i ] - [ Seg ] El usuario [MAGNA\darijim1] ingresó a la vista [/usuarios].
D 2026/09/03 08:19:44.998 [ i ] - [ Seg ] El usuario [MAGNA\darijim1] ingresó a la vista [/usuarios/buscarcolaboradorescorporativos].
D 2026/09/03 08:22:56.660 [ i ] - [ Seg ] El usuario [MAGNA\darijim1] ingresó a la vista [/auditoria].
D 2026/09/03 08:23:15.328 [ i ] - [ Seg ] El usuario [MAGNA\darijim1] ingresó a la vista [/].
D 2026/09/03 10:38:51.716 [ i ] - [ Seg ] El usuario [MAGNA\darijim1] ingresó a la vista [/].
D 2026/09/03 10:38:54.667 [ i ] - [ Seg ] El usuario [MAGNA\darijim1] ingresó a la vista [/].
D 2026/09/03 10:38:56.244 [ i ] - [ Seg ] El usuario [MAGNA\darijim1] ingresó a la vista [/].
D 2026/09/03 10:39:06.377 [ i ] - [ Seg ] El usuario [MAGNA\darijim1] ingresó a la vista [/].
D 2026/09/03 10:39:10.357 [ i ] - [ Seg ] El usuario [MAGNA\darijim1] ingresó a la vista [/].
D 2026/09/03 10:43:28.573 [ i ] - [ Seg ] El usuario [MAGNA\darijim1] ingresó a la vista [/].
D 2026/09/03 10:45:22.242 [ i ] - [ Seg ] El usuario [MAGNA\darijim1] ingresó a la vista [/].
D 2026/09/03 10:45:23.490 [ i ] - [ Seg ] El usuario [MAGNA\darijim1] ingresó a la vista [/].
D 2026/09/03 11:32:00.915 [ i ] - [ Seg ] El usuario [MAGNA\darijim1] ingresó a la vista [/auditoria].
D 2026/09/07 09:07:38.683 [ i ] - [ Seg ] El usuario [MAGNA\darijim1] ingresó a la vista [/].
D 2026/09/07 09:58:22.188 [ i ] - [ Seg ] El usuario [MAGNA\darijim1] ingresó a la vista [/].
D 2026/09/07 09:58:23.276 [ i ] - [ Seg ] El usuario [MAGNA\darijim1] ingresó a la vista [/].
D 2026/09/07 09:58:24.491 [ i ] - [ Seg ] El usuario [MAGNA\darijim1] ingresó a la vista [/].
D 2026/09/07 09:58:26.484 [ i ] - [ Seg ] El usuario [MAGNA\darijim1] ingresó a la vista [/].
D 2026/09/07 10:02:58.363 [ i ] - [ Seg ] El usuario [MAGNA\darijim1] ingresó a la vista [/usuarios].
D 2026/09/07 10:02:58.487 [ i ] - [ Seg ] El usuario [MAGNA\darijim1] ingresó a la vista [/usuarios/buscarcolaboradorescorporativos].
D 2026/09/07 10:07:06.101 [ i ] - [ Seg ] El usuario [MAGNA\darijim1] ingresó a la vista [/usuarios].
D 2026/09/07 10:07:06.168 [ i ] - [ Seg ] El usuario [MAGNA\darijim1] ingresó a la vista [/usuarios/buscarcolaboradorescorporativos].
D 2026/09/07 10:07:08.606 [ i ] - [ Seg ] El usuario [MAGNA\darijim1] ingresó a la vista [/auditoria].
D 2026/09/07 10:07:36.076 [ i ] - [ Seg ] El usuario [MAGNA\darijim1] ingresó a la vista [/auditoria].
D 2026/09/07 10:07:39.325 [ i ] - [ Seg ] El usuario [MAGNA\darijim1] ingresó a la vista [/auditoria].
D 2026/09/07 10:07:43.779 [ i ] - [ Seg ] El usuario [MAGNA\darijim1] ingresó a la vista [/auditoria].
D 2026/09/07 10:07:49.511 [ i ] - [ Seg ] El usuario [MAGNA\darijim1] ingresó a la vista [/].
D 2026/09/07 10:07:55.847 [ i ] - [ Seg ] El usuario [MAGNA\darijim1] ingresó a la vista [/].
D 2026/09/07 10:08:09.349 [ i ] - [ Seg ] El usuario [MAGNA\darijim1] ingresó a la vista [/].
D 2026/09/07 10:08:47.790 [ i ] - [ Seg ] El usuario [MAGNA\darijim1] ingresó a la vista [/auditoria].
D 2026/09/07 10:09:23.022 [ i ] - [ Seg ] El usuario [MAGNA\darijim1] ingresó a la vista [/].
D 2026/09/07 10:10:59.522 [ i ] - [ Seg ] El usuario [MAGNA\darijim1] ingresó a la vista [/].
D 2026/09/07 10:11:02.843 [ i ] - [ Seg ] El usuario [MAGNA\darijim1] ingresó a la vista [/].
D 2026/09/07 10:12:41.657 [ i ] - [ Seg ] El usuario [MAGNA\darijim1] ingresó a la vista [/].
D 2026/09/07 10:18:24.897 [ i ] - [ Seg ] El usuario [MAGNA\darijim1] ingresó a la vista [/].
D 2026/09/07 11:12:26.367 [ i ] - [ Seg ] El usuario [MAGNA\darijim1] ingresó a la vista [/].
D 2026/09/07 11:18:57.295 [ i ] - [ Seg ] El usuario [MAGNA\darijim1] ingresó a la vista [/].
D 2026/09/07 11:31:24.026 [ i ] - [ Seg ] El usuario [MAGNA\darijim1] ingresó a la vista [/usuarios].
D 2026/09/07 11:31:24.162 [ i ] - [ Seg ] El usuario [MAGNA\darijim1] ingresó a la vista [/usuarios/buscarcolaboradorescorporativos].
D 2026/09/07 11:31:24.928 [ i ] - [ Seg ] El usuario [MAGNA\darijim1] ingresó a la vista [/auditoria].
D 2026/09/07 11:31:40.561 [ i ] - [ Seg ] El usuario [MAGNA\darijim1] ingresó a la vista [/].
D 2026/09/07 11:39:13.155 [ i ] - [ Seg ] El usuario [MAGNA\darijim1] ingresó a la vista [/].
D 2026/09/07 11:40:41.707 [ i ] - [ Seg ] El usuario [MAGNA\darijim1] ingresó a la vista [/].
D 2026/09/07 11:42:19.962 [ i ] - [ Seg ] El usuario [MAGNA\darijim1] ingresó a la vista [/].
D 2026/09/07 11:47:12.285 [ i ] - [ Seg ] El usuario [MAGNA\darijim1] ingresó a la vista [/usuarios].
D 2026/09/07 11:47:12.421 [ i ] - [ Seg ] El usuario [MAGNA\darijim1] ingresó a la vista [/usuarios/buscarcolaboradorescorporativos].
D 2026/09/07 11:58:19.207 [ i ] - [ Seg ] El usuario [MAGNA\darijim1] ingresó a la vista [/calendario].
D 2026/09/07 12:09:55.314 [ i ] - [ Seg ] El usuario [MAGNA\darijim1] ingresó a la vista [/calendario].
D 2026/09/07 12:11:34.251 [ i ] - [ Seg ] El usuario [MAGNA\darijim1] ingresó a la vista [/].
D 2026/09/07 12:34:14.813 [ i ] - [ Seg ] El usuario [MAGNA\darijim1] ingresó a la vista [/].
D 2026/09/07 12:35:53.554 [ i ] - [ Seg ] El usuario [MAGNA\darijim1] ingresó a la vista [/].
D 2026/09/08 10:29:27.185 [ i ] - [ Seg ] El usuario [allanoctavio.castro] ingresó a la vista [/].
D 2026/09/08 10:29:49.700 [ i ] - [ Seg ] El usuario [david.galvan] ingresó a la vista [/].
D 2026/09/08 10:29:54.702 [ i ] - [ Seg ] El usuario [sergio.diaz1] ingresó a la vista [/].
D 2026/09/08 10:29:58.513 [ i ] - [ Seg ] El usuario [david.galvan] ingresó a la vista [/].
D 2026/09/08 10:30:01.473 [ i ] - [ Seg ] El usuario [david.galvan] ingresó a la vista [/].
D 2026/09/08 10:35:17.484 [ i ] - [ Seg ] El usuario [allanoctavio.castro] ingresó a la vista [/usuarios].
D 2026/09/08 10:35:17.598 [ i ] - [ Seg ] El usuario [allanoctavio.castro] ingresó a la vista [/usuarios/buscarcolaboradorescorporativos].
D 2026/09/08 10:37:16.180 [ i ] - [ Seg ] El usuario [allanoctavio.castro] ingresó a la vista [/usuarios/asignarnivel].
D 2026/09/08 10:37:16.341 [ i ] - [ Usu ] El usuario [31102] (sistemas) asignó Nivel [30] al colaborador [Jose Antonio Fernandez Rivera] (CWID: [joseantonio.fernandez]).
D 2026/09/08 10:51:27.128 [ i ] - [ Seg ] El usuario [joseantonio.fernandez] ingresó a la vista [/].
D 2026/09/08 10:52:16.109 [ i ] - [ Seg ] El usuario [sergio.diaz1] ingresó a la vista [/].
D 2026/09/08 10:52:23.148 [ i ] - [ Seg ] El usuario [david.galvan] ingresó a la vista [/].
D 2026/09/08 10:52:25.125 [ i ] - [ Seg ] El usuario [joseantonio.fernandez] ingresó a la vista [/].
D 2026/09/08 10:53:22.726 [ i ] - [ Seg ] El usuario [joseantonio.fernandez] ingresó a la vista [/].
D 2026/09/08 11:09:27.728 [ i ] - [ Seg ] El usuario [joseantonio.fernandez] ingresó a la vista [/].
D 2026/09/08 11:09:30.970 [ i ] - [ Seg ] El usuario [joseantonio.fernandez] ingresó a la vista [/].
D 2026/09/08 11:10:31.184 [ i ] - [ Seg ] El usuario [joseantonio.fernandez] ingresó a la vista [/calendario/guardarparosprogramacion].
D 2026/09/08 11:11:05.952 [ i ] - [ Seg ] El usuario [joseantonio.fernandez] ingresó a la vista [/calendario/guardarparosprogramacion].
D 2026/09/08 11:35:32.312 [ i ] - [ Seg ] El usuario [darienedwin.jimenez] ingresó a la vista [/calendario/guardarparosprogramacion].
D 2026/09/08 11:35:59.158 [ i ] - [ Seg ] El usuario [darienedwin.jimenez] ingresó a la vista [/].
D 2026/09/08 11:36:15.601 [ i ] - [ Seg ] El usuario [darienedwin.jimenez] ingresó a la vista [/].
D 2026/09/08 11:43:23.313 [ i ] - [ Seg ] El usuario [darienedwin.jimenez] ingresó a la vista [/].
D 2026/09/08 11:54:51.294 [ i ] - [ Seg ] El usuario [DARIJIM1] ingresó a la vista [/].
D 2026/09/08 11:56:46.562 [ i ] - [ Seg ] El usuario [DARIJIM1] ingresó a la vista [/].
D 2026/09/08 11:56:49.767 [ i ] - [ Seg ] El usuario [DARIJIM1] ingresó a la vista [/].
D 2026/09/08 11:56:51.285 [ i ] - [ Seg ] El usuario [DARIJIM1] ingresó a la vista [/].
D 2026/09/08 11:56:52.441 [ i ] - [ Seg ] El usuario [DARIJIM1] ingresó a la vista [/].
D 2026/09/08 11:56:55.280 [ i ] - [ Seg ] El usuario [DARIJIM1] ingresó a la vista [/].
D 2026/09/08 11:56:56.763 [ i ] - [ Seg ] El usuario [DARIJIM1] ingresó a la vista [/].
D 2026/09/08 11:56:59.274 [ i ] - [ Seg ] El usuario [DARIJIM1] ingresó a la vista [/].
D 2026/09/08 11:57:02.528 [ i ] - [ Seg ] El usuario [DARIJIM1] ingresó a la vista [/].
D 2026/09/08 11:57:05.021 [ i ] - [ Seg ] El usuario [DARIJIM1] ingresó a la vista [/].
D 2026/09/08 11:57:13.315 [ i ] - [ Seg ] El usuario [DARIJIM1] ingresó a la vista [/].
D 2026/09/08 11:58:51.149 [ i ] - [ Seg ] El usuario [DARIJIM1] ingresó a la vista [/].
D 2026/09/08 11:58:53.621 [ i ] - [ Seg ] El usuario [DARIJIM1] ingresó a la vista [/].
D 2026/09/08 11:58:55.995 [ i ] - [ Seg ] El usuario [DARIJIM1] ingresó a la vista [/].
D 2026/09/08 11:58:56.786 [ i ] - [ Seg ] El usuario [DARIJIM1] ingresó a la vista [/].
D 2026/09/08 11:59:07.715 [ i ] - [ Seg ] El usuario [DARIJIM1] ingresó a la vista [/].
D 2026/09/08 11:59:10.830 [ i ] - [ Seg ] El usuario [DARIJIM1] ingresó a la vista [/].
D 2026/09/08 11:59:15.222 [ i ] - [ Seg ] El usuario [DARIJIM1] ingresó a la vista [/].
D 2026/09/08 12:01:25.444 [ i ] - [ Seg ] El usuario [DARIJIM1] ingresó a la vista [/].
D 2026/09/08 12:14:58.357 [ i ] - [ Seg ] El usuario [DARIJIM1] ingresó a la vista [/].
D 2026/09/08 12:17:30.022 [ i ] - [ Seg ] El usuario [DARIJIM1] ingresó a la vista [/].
D 2026/09/08 12:23:50.364 [ i ] - [ Seg ] El usuario [DARIJIM1] ingresó a la vista [/].
D 2026/09/08 12:24:55.785 [ i ] - [ Seg ] El usuario [DARIJIM1] ingresó a la vista [/].
D 2026/09/08 12:50:52.858 [ i ] - [ Seg ] El usuario [DARIJIM1] ingresó a la vista [/].
D 2026/09/08 12:51:02.852 [ i ] - [ Seg ] El usuario [DARIJIM1] ingresó a la vista [/].
D 2026/09/08 12:51:07.548 [ i ] - [ Seg ] El usuario [DARIJIM1] ingresó a la vista [/].
D 2026/09/08 12:51:27.080 [ i ] - [ Seg ] El usuario [DARIJIM1] ingresó a la vista [/].
D 2026/09/08 12:51:33.084 [ i ] - [ Seg ] El usuario [DARIJIM1] ingresó a la vista [/].
D 2026/09/08 12:58:19.937 [ i ] - [ Seg ] El usuario [DARIJIM1] ingresó a la vista [/].
D 2026/09/08 12:58:24.812 [ i ] - [ Seg ] El usuario [DARIJIM1] ingresó a la vista [/].
D 2026/09/08 13:01:59.297 [ i ] - [ Seg ] El usuario [DARIJIM1] ingresó a la vista [/].
D 2026/09/08 14:04:46.855 [ i ] - [ Seg ] El usuario [DARIJIM1] ingresó a la vista [/].
D 2026/09/09 08:03:33.749 [ i ] - [ Seg ] El usuario [DARIJIM1] ingresó a la vista [/].
D 2026/09/09 08:05:47.821 [ i ] - [ Seg ] El usuario [DARIJIM1] ingresó a la vista [/usuarios].
D 2026/09/09 08:05:51.906 [ i ] - [ Seg ] El usuario [DARIJIM1] ingresó a la vista [/usuarios].
D 2026/09/09 08:05:52.943 [ i ] - [ Seg ] El usuario [DARIJIM1] ingresó a la vista [/usuarios].
D 2026/09/09 08:05:55.572 [ i ] - [ Seg ] El usuario [DARIJIM1] ingresó a la vista [/usuarios].
D 2026/09/09 08:06:52.029 [ i ] - [ Seg ] El usuario [DARIJIM1] ingresó a la vista [/].
D 2026/09/09 08:06:53.646 [ i ] - [ Seg ] El usuario [DARIJIM1] ingresó a la vista [/usuarios].
D 2026/09/09 08:11:19.171 [ i ] - [ Seg ] El usuario [DARIJIM1] ingresó a la vista [/usuarios].
D 2026/09/09 08:11:20.826 [ i ] - [ Seg ] El usuario [DARIJIM1] ingresó a la vista [/usuarios].
D 2026/09/09 08:11:21.498 [ i ] - [ Seg ] El usuario [DARIJIM1] ingresó a la vista [/usuarios].
D 2026/09/09 08:11:28.223 [ i ] - [ Seg ] El usuario [DARIJIM1] ingresó a la vista [/usuarios].
D 2026/09/09 08:11:29.487 [ i ] - [ Seg ] El usuario [DARIJIM1] ingresó a la vista [/usuarios].
D 2026/09/09 08:11:30.674 [ i ] - [ Seg ] El usuario [DARIJIM1] ingresó a la vista [/usuarios].
D 2026/09/09 08:11:35.009 [ i ] - [ Seg ] El usuario [DARIJIM1] ingresó a la vista [/].
D 2026/09/09 08:11:36.200 [ i ] - [ Seg ] El usuario [DARIJIM1] ingresó a la vista [/].
D 2026/09/09 08:11:38.489 [ i ] - [ Seg ] El usuario [DARIJIM1] ingresó a la vista [/auditoria].
D 2026/09/09 08:11:43.464 [ i ] - [ Seg ] El usuario [DARIJIM1] ingresó a la vista [/].
D 2026/09/09 08:11:46.017 [ i ] - [ Seg ] El usuario [DARIJIM1] ingresó a la vista [/usuarios].
D 2026/09/09 08:12:27.009 [ i ] - [ Seg ] El usuario [DARIJIM1] ingresó a la vista [/usuarios].
D 2026/09/09 08:12:33.579 [ i ] - [ Seg ] El usuario [DARIJIM1] ingresó a la vista [/usuarios].
D 2026/09/09 08:16:57.229 [ i ] - [ Seg ] El usuario [DARIJIM1] ingresó a la vista [/usuarios].
D 2026/09/09 08:16:58.837 [ i ] - [ Seg ] El usuario [DARIJIM1] ingresó a la vista [/usuarios].
D 2026/09/09 08:17:01.085 [ i ] - [ Seg ] El usuario [DARIJIM1] ingresó a la vista [/usuarios].
D 2026/09/09 08:17:01.615 [ i ] - [ Seg ] El usuario [DARIJIM1] ingresó a la vista [/usuarios].
D 2026/09/09 08:17:42.003 [ i ] - [ Seg ] El usuario [DARIJIM1] ingresó a la vista [/].
D 2026/09/09 08:20:54.518 [ i ] - [ Seg ] El usuario [DARIJIM1] ingresó a la vista [/usuarios].
D 2026/09/09 08:24:06.065 [ i ] - [ Seg ] El usuario [DARIJIM1] ingresó a la vista [/usuarios].
D 2026/09/09 08:24:06.285 [ i ] - [ Seg ] El usuario [DARIJIM1] ingresó a la vista [/usuarios/buscarcolaboradorescorporativos].
D 2026/09/09 08:24:13.459 [ i ] - [ Seg ] El usuario [DARIJIM1] ingresó a la vista [/usuarios].
D 2026/09/09 08:24:13.505 [ i ] - [ Seg ] El usuario [DARIJIM1] ingresó a la vista [/usuarios/buscarcolaboradorescorporativos].
D 2026/09/09 08:24:43.107 [ i ] - [ Seg ] El usuario [DARIJIM1] ingresó a la vista [/usuarios].
D 2026/09/09 08:24:43.200 [ i ] - [ Seg ] El usuario [DARIJIM1] ingresó a la vista [/usuarios/buscarcolaboradorescorporativos].
D 2026/09/09 08:29:23.410 [ i ] - [ Seg ] El usuario [DARIJIM1] ingresó a la vista [/usuarios].
D 2026/09/09 08:29:23.632 [ i ] - [ Seg ] El usuario [DARIJIM1] ingresó a la vista [/usuarios/buscarcolaboradorescorporativos].
D 2026/09/09 08:33:27.415 [ i ] - [ Seg ] El usuario [DARIJIM1] ingresó a la vista [/usuarios/buscarcolaboradorescorporativos].
D 2026/09/09 08:33:31.570 [ i ] - [ Seg ] El usuario [DARIJIM1] ingresó a la vista [/usuarios/buscarcolaboradorescorporativos].
D 2026/09/09 08:33:33.799 [ i ] - [ Seg ] El usuario [DARIJIM1] ingresó a la vista [/usuarios/buscarcolaboradorescorporativos].
D 2026/09/09 08:33:34.218 [ i ] - [ Seg ] El usuario [DARIJIM1] ingresó a la vista [/usuarios/buscarcolaboradorescorporativos].
D 2026/09/09 08:33:35.106 [ i ] - [ Seg ] El usuario [DARIJIM1] ingresó a la vista [/usuarios/buscarcolaboradorescorporativos].
D 2026/09/09 08:33:37.387 [ i ] - [ Seg ] El usuario [DARIJIM1] ingresó a la vista [/usuarios/buscarcolaboradorescorporativos].
D 2026/09/09 08:33:46.288 [ i ] - [ Seg ] El usuario [DARIJIM1] ingresó a la vista [/usuarios/buscarcolaboradorescorporativos].
D 2026/09/09 08:33:50.751 [ i ] - [ Seg ] El usuario [DARIJIM1] ingresó a la vista [/usuarios/buscarcolaboradorescorporativos].
D 2026/09/09 08:33:51.926 [ i ] - [ Seg ] El usuario [DARIJIM1] ingresó a la vista [/usuarios/buscarcolaboradorescorporativos].
D 2026/09/09 08:33:53.305 [ i ] - [ Seg ] El usuario [DARIJIM1] ingresó a la vista [/usuarios/buscarcolaboradorescorporativos].
D 2026/09/09 08:33:54.240 [ i ] - [ Seg ] El usuario [DARIJIM1] ingresó a la vista [/usuarios/buscarcolaboradorescorporativos].
D 2026/09/09 08:33:56.468 [ i ] - [ Seg ] El usuario [DARIJIM1] ingresó a la vista [/usuarios/buscarcolaboradorescorporativos].
D 2026/09/09 08:33:57.528 [ i ] - [ Seg ] El usuario [DARIJIM1] ingresó a la vista [/usuarios/buscarcolaboradorescorporativos].
D 2026/09/09 08:33:59.340 [ i ] - [ Seg ] El usuario [DARIJIM1] ingresó a la vista [/usuarios/buscarcolaboradorescorporativos].
D 2026/09/09 08:34:00.372 [ i ] - [ Seg ] El usuario [DARIJIM1] ingresó a la vista [/usuarios/buscarcolaboradorescorporativos].
D 2026/09/09 08:34:01.886 [ i ] - [ Seg ] El usuario [DARIJIM1] ingresó a la vista [/usuarios/buscarcolaboradorescorporativos].
D 2026/09/09 08:34:16.780 [ i ] - [ Seg ] El usuario [DARIJIM1] ingresó a la vista [/usuarios/asignarnivel].
D 2026/09/09 08:34:16.906 [ i ] - [ Usu ] El usuario [5] (sistemas) asignó Nivel [20] al colaborador [Blanca Yazmin Angeles Islas] (CWID: [blanca.angeles]) en Planta [1].
D 2026/09/09 08:34:22.666 [ i ] - [ Seg ] El usuario [DARIJIM1] ingresó a la vista [/usuarios/buscarcolaboradorescorporativos].
D 2026/09/09 08:34:23.121 [ i ] - [ Seg ] El usuario [DARIJIM1] ingresó a la vista [/usuarios/buscarcolaboradorescorporativos].
D 2026/09/09 08:34:23.622 [ i ] - [ Seg ] El usuario [DARIJIM1] ingresó a la vista [/usuarios/buscarcolaboradorescorporativos].
D 2026/09/09 08:34:25.337 [ i ] - [ Seg ] El usuario [DARIJIM1] ingresó a la vista [/usuarios/buscarcolaboradorescorporativos].
D 2026/09/09 08:34:30.798 [ i ] - [ Seg ] El usuario [DARIJIM1] ingresó a la vista [/usuarios/buscarcolaboradorescorporativos].
D 2026/09/09 08:34:31.290 [ i ] - [ Seg ] El usuario [DARIJIM1] ingresó a la vista [/usuarios/buscarcolaboradorescorporativos].
D 2026/09/09 08:35:03.232 [ i ] - [ Seg ] El usuario [DARIJIM1] ingresó a la vista [/usuarios/buscarcolaboradorescorporativos].
D 2026/09/09 08:35:03.993 [ i ] - [ Seg ] El usuario [DARIJIM1] ingresó a la vista [/usuarios/buscarcolaboradorescorporativos].
D 2026/09/09 08:39:37.470 [ i ] - [ Seg ] El usuario [DARIJIM1] ingresó a la vista [/usuarios/asignarnivel].
D 2026/09/09 08:39:37.481 [ i ] - [ Usu ] El usuario [5] (sistemas) asignó Nivel [10] al colaborador [Antonio Hernandez Rodriguez] (CWID: [Antonio.Hernandez4]) en Planta [1].
D 2026/09/09 09:00:56.693 [ i ] - [ Seg ] El usuario [DARIJIM1] ingresó a la vista [/auditoria].
D 2026/09/09 09:01:45.298 [ i ] - [ Seg ] El usuario [DARIJIM1] ingresó a la vista [/].
D 2026/09/09 09:03:29.226 [ i ] - [ Seg ] El usuario [DARIJIM1] ingresó a la vista [/].
D 2026/09/09 09:04:24.587 [ i ] - [ Seg ] El usuario [DARIJIM1] ingresó a la vista [/auditoria].
D 2026/09/09 09:04:57.944 [ i ] - [ Seg ] El usuario [DARIJIM1] ingresó a la vista [/auditoria].
D 2026/09/09 09:05:20.552 [ i ] - [ Seg ] El usuario [DARIJIM1] ingresó a la vista [/auditoria].
D 2026/09/09 12:42:56.866 [ i ] - [ Seg ] El usuario [DARIJIM1] ingresó a la vista [/].
D 2026/09/09 12:43:37.975 [ i ] - [ Seg ] El usuario [DARIJIM1] ingresó a la vista [/].
D 2026/09/09 12:48:19.888 [ i ] - [ Seg ] El usuario [DARIJIM1] ingresó a la vista [/].
D 2026/09/09 12:49:04.635 [ i ] - [ Seg ] El usuario [DARIJIM1] ingresó a la vista [/usuarios].
D 2026/09/09 12:49:05.018 [ i ] - [ Seg ] El usuario [DARIJIM1] ingresó a la vista [/usuarios/buscarcolaboradorescorporativos].
D 2026/09/09 12:49:11.553 [ i ] - [ Seg ] El usuario [DARIJIM1] ingresó a la vista [/auditoria].
D 2026/09/10 08:11:09.865 [ i ] - [ Seg ] El usuario [DARIJIM1] ingresó a la vista [/].
D 2026/09/10 08:11:20.422 [ i ] - [ Seg ] El usuario [DARIJIM1] ingresó a la vista [/].
D 2026/09/10 08:11:22.747 [ i ] - [ Seg ] El usuario [DARIJIM1] ingresó a la vista [/].
D 2026/09/10 08:31:53.461 [ i ] - [ Seg ] El usuario [DARIJIM1] ingresó a la vista [/].
D 2026/09/10 08:32:38.278 [ i ] - [ Seg ] El usuario [DARIJIM1] ingresó a la vista [/].
D 2026/09/10 08:37:18.014 [ i ] - [ Seg ] El usuario [DARIJIM1] ingresó a la vista [/calendario].
D 2026/09/10 08:38:15.224 [ i ] - [ Seg ] El usuario [DARIJIM1] ingresó a la vista [/calendario].
D 2026/09/10 08:38:42.607 [ i ] - [ Seg ] El usuario [DARIJIM1] ingresó a la vista [/calendario].
D 2026/09/10 08:38:51.634 [ i ] - [ Seg ] El usuario [DARIJIM1] ingresó a la vista [/calendario].
D 2026/09/10 08:39:14.077 [ i ] - [ Seg ] El usuario [DARIJIM1] ingresó a la vista [/calendario].
D 2026/09/10 08:40:05.446 [ i ] - [ Seg ] El usuario [DARIJIM1] ingresó a la vista [/calendario].
D 2026/09/10 08:40:31.056 [ i ] - [ Seg ] El usuario [DARIJIM1] ingresó a la vista [/].
D 2026/09/10 08:40:42.996 [ i ] - [ Seg ] El usuario [DARIJIM1] ingresó a la vista [/].
D 2026/09/10 08:40:49.133 [ i ] - [ Seg ] El usuario [DARIJIM1] ingresó a la vista [/].
D 2026/09/10 08:40:59.156 [ i ] - [ Seg ] El usuario [DARIJIM1] ingresó a la vista [/].
D 2026/09/10 08:41:19.777 [ i ] - [ Seg ] El usuario [DARIJIM1] ingresó a la vista [/].
D 2026/09/10 08:42:54.574 [ i ] - [ Seg ] El usuario [DARIJIM1] ingresó a la vista [/].
D 2026/09/10 08:42:58.490 [ i ] - [ Seg ] El usuario [DARIJIM1] ingresó a la vista [/].
D 2026/09/10 08:43:52.952 [ i ] - [ Seg ] El usuario [DARIJIM1] ingresó a la vista [/].
D 2026/09/10 08:50:24.184 [ i ] - [ Seg ] El usuario [DARIJIM1] ingresó a la vista [/].
D 2026/09/10 08:55:24.984 [ i ] - [ Seg ] El usuario [DARIJIM1] ingresó a la vista [/auditoria].
D 2026/09/10 09:20:49.123 [ i ] - [ Seg ] El usuario [DARIJIM1] ingresó a la vista [/].
D 2026/09/10 09:28:57.420 [ i ] - [ Seg ] El usuario [DARIJIM1] ingresó a la vista [/].
D 2026/09/10 09:29:18.649 [ i ] - [ Seg ] El usuario [DARIJIM1] ingresó a la vista [/].
D 2026/09/10 09:29:20.018 [ i ] - [ Seg ] El usuario [DARIJIM1] ingresó a la vista [/].
D 2026/09/10 09:29:33.002 [ i ] - [ Seg ] El usuario [DARIJIM1] ingresó a la vista [/].
D 2026/09/10 09:29:34.469 [ i ] - [ Seg ] El usuario [DARIJIM1] ingresó a la vista [/].
D 2026/09/10 09:29:42.327 [ i ] - [ Seg ] El usuario [DARIJIM1] ingresó a la vista [/].
D 2026/09/10 09:29:44.376 [ i ] - [ Seg ] El usuario [DARIJIM1] ingresó a la vista [/].
D 2026/09/10 09:29:45.734 [ i ] - [ Seg ] El usuario [DARIJIM1] ingresó a la vista [/].
D 2026/09/10 09:29:46.220 [ i ] - [ Seg ] El usuario [DARIJIM1] ingresó a la vista [/].
D 2026/09/10 09:29:47.356 [ i ] - [ Seg ] El usuario [DARIJIM1] ingresó a la vista [/].
D 2026/09/10 09:29:48.782 [ i ] - [ Seg ] El usuario [DARIJIM1] ingresó a la vista [/].
D 2026/09/10 09:29:50.524 [ i ] - [ Seg ] El usuario [DARIJIM1] ingresó a la vista [/].
D 2026/09/10 09:29:52.006 [ i ] - [ Seg ] El usuario [DARIJIM1] ingresó a la vista [/].
D 2026/09/10 09:29:53.126 [ i ] - [ Seg ] El usuario [DARIJIM1] ingresó a la vista [/].
D 2026/09/10 09:29:53.998 [ i ] - [ Seg ] El usuario [DARIJIM1] ingresó a la vista [/].
D 2026/09/10 09:32:15.604 [ i ] - [ Seg ] El usuario [DARIJIM1] ingresó a la vista [/].
D 2026/09/10 09:32:41.320 [ i ] - [ Seg ] El usuario [DARIJIM1] ingresó a la vista [/].
D 2026/09/10 09:32:44.565 [ i ] - [ Seg ] El usuario [DARIJIM1] ingresó a la vista [/].
D 2026/09/10 09:32:46.539 [ i ] - [ Seg ] El usuario [DARIJIM1] ingresó a la vista [/].
D 2026/09/10 09:43:19.767 [ i ] - [ Seg ] El usuario [DARIJIM1] ingresó a la vista [/].
D 2026/09/10 09:43:21.391 [ i ] - [ Seg ] El usuario [DARIJIM1] ingresó a la vista [/].
D 2026/09/10 09:43:24.255 [ i ] - [ Seg ] El usuario [DARIJIM1] ingresó a la vista [/].
D 2026/09/10 09:43:25.501 [ i ] - [ Seg ] El usuario [DARIJIM1] ingresó a la vista [/].
D 2026/09/10 09:43:26.983 [ i ] - [ Seg ] El usuario [DARIJIM1] ingresó a la vista [/].
D 2026/09/10 09:43:27.415 [ i ] - [ Seg ] El usuario [DARIJIM1] ingresó a la vista [/].
D 2026/09/10 09:43:27.896 [ i ] - [ Seg ] El usuario [DARIJIM1] ingresó a la vista [/].
D 2026/09/10 09:43:28.422 [ i ] - [ Seg ] El usuario [DARIJIM1] ingresó a la vista [/].
D 2026/09/10 09:43:30.224 [ i ] - [ Seg ] El usuario [DARIJIM1] ingresó a la vista [/].
D 2026/09/10 09:43:33.622 [ i ] - [ Seg ] El usuario [DARIJIM1] ingresó a la vista [/].
D 2026/09/10 09:43:34.823 [ i ] - [ Seg ] El usuario [DARIJIM1] ingresó a la vista [/].
D 2026/09/10 09:43:39.133 [ i ] - [ Seg ] El usuario [DARIJIM1] ingresó a la vista [/].
D 2026/09/10 09:43:42.622 [ i ] - [ Seg ] El usuario [DARIJIM1] ingresó a la vista [/].
D 2026/09/10 09:43:44.081 [ i ] - [ Seg ] El usuario [DARIJIM1] ingresó a la vista [/].
D 2026/09/10 09:43:45.094 [ i ] - [ Seg ] El usuario [DARIJIM1] ingresó a la vista [/].
D 2026/09/10 09:43:45.606 [ i ] - [ Seg ] El usuario [DARIJIM1] ingresó a la vista [/].
D 2026/09/10 09:43:46.768 [ i ] - [ Seg ] El usuario [DARIJIM1] ingresó a la vista [/].
D 2026/09/10 09:43:48.340 [ i ] - [ Seg ] El usuario [DARIJIM1] ingresó a la vista [/].
D 2026/09/10 09:43:49.598 [ i ] - [ Seg ] El usuario [DARIJIM1] ingresó a la vista [/].
D 2026/09/10 09:43:50.513 [ i ] - [ Seg ] El usuario [DARIJIM1] ingresó a la vista [/].
D 2026/09/10 09:43:51.063 [ i ] - [ Seg ] El usuario [DARIJIM1] ingresó a la vista [/].
D 2026/09/10 09:43:51.379 [ i ] - [ Seg ] El usuario [DARIJIM1] ingresó a la vista [/].
D 2026/09/10 09:43:51.943 [ i ] - [ Seg ] El usuario [DARIJIM1] ingresó a la vista [/].
D 2026/09/10 09:43:52.656 [ i ] - [ Seg ] El usuario [DARIJIM1] ingresó a la vista [/].
D 2026/09/10 09:43:53.676 [ i ] - [ Seg ] El usuario [DARIJIM1] ingresó a la vista [/].
D 2026/09/10 09:43:56.453 [ i ] - [ Seg ] El usuario [DARIJIM1] ingresó a la vista [/].
D 2026/09/10 09:43:56.973 [ i ] - [ Seg ] El usuario [DARIJIM1] ingresó a la vista [/].
D 2026/09/10 09:43:58.176 [ i ] - [ Seg ] El usuario [DARIJIM1] ingresó a la vista [/].
D 2026/09/10 09:43:58.526 [ i ] - [ Seg ] El usuario [DARIJIM1] ingresó a la vista [/].
D 2026/09/10 09:43:58.871 [ i ] - [ Seg ] El usuario [DARIJIM1] ingresó a la vista [/].
D 2026/09/10 09:43:59.251 [ i ] - [ Seg ] El usuario [DARIJIM1] ingresó a la vista [/].
D 2026/09/10 09:43:59.773 [ i ] - [ Seg ] El usuario [DARIJIM1] ingresó a la vista [/].
D 2026/09/10 09:44:00.372 [ i ] - [ Seg ] El usuario [DARIJIM1] ingresó a la vista [/].
D 2026/09/10 09:44:03.381 [ i ] - [ Seg ] El usuario [DARIJIM1] ingresó a la vista [/].
D 2026/09/10 09:48:32.306 [ i ] - [ Seg ] El usuario [DARIJIM1] ingresó a la vista [/].
D 2026/09/10 09:48:38.781 [ i ] - [ Seg ] El usuario [DARIJIM1] ingresó a la vista [/].
D 2026/09/10 09:56:33.005 [ i ] - [ Seg ] El usuario [DARIJIM1] ingresó a la vista [/].
D 2026/09/10 09:56:45.022 [ i ] - [ Seg ] El usuario [DARIJIM1] ingresó a la vista [/].
D 2026/09/10 09:56:53.209 [ i ] - [ Seg ] El usuario [DARIJIM1] ingresó a la vista [/usuarios].
D 2026/09/10 09:56:53.305 [ i ] - [ Seg ] El usuario [DARIJIM1] ingresó a la vista [/usuarios/buscarcolaboradorescorporativos].
D 2026/09/10 09:56:53.953 [ i ] - [ Seg ] El usuario [DARIJIM1] ingresó a la vista [/auditoria].
D 2026/09/10 09:56:55.329 [ i ] - [ Seg ] El usuario [DARIJIM1] ingresó a la vista [/].
D 2026/09/10 09:58:15.848 [ i ] - [ Seg ] El usuario [DARIJIM1] ingresó a la vista [/].
D 2026/09/10 10:24:14.565 [ i ] - [ Seg ] El usuario [DARIJIM1] ingresó a la vista [/calendario].
D 2026/09/10 10:24:17.596 [ i ] - [ Seg ] El usuario [DARIJIM1] ingresó a la vista [/calendario].
D 2026/09/10 10:24:29.732 [ i ] - [ Seg ] El usuario [DARIJIM1] ingresó a la vista [/calendario].
D 2026/09/10 10:24:30.673 [ i ] - [ Seg ] El usuario [DARIJIM1] ingresó a la vista [/calendario].
D 2026/09/10 10:24:34.624 [ i ] - [ Seg ] El usuario [DARIJIM1] ingresó a la vista [/calendario].
D 2026/09/10 10:26:39.090 [ i ] - [ Seg ] El usuario [DARIJIM1] ingresó a la vista [/].
D 2026/09/10 12:43:57.228 [ i ] - [ Seg ] El usuario [DARIJIM1] ingresó a la vista [/calendario].
D 2026/09/10 12:45:12.356 [ i ] - [ Seg ] El usuario [DARIJIM1] ingresó a la vista [/].
D 2026/09/11 10:12:06.926 [ i ] - [ Seg ] El usuario [DARIJIM1] ingresó a la vista [/].
D 2026/09/11 10:12:17.680 [ i ] - [ Seg ] El usuario [DARIJIM1] ingresó a la vista [/].
D 2026/09/11 10:12:25.440 [ i ] - [ Seg ] El usuario [DARIJIM1] ingresó a la vista [/].
D 2026/09/11 10:12:29.940 [ i ] - [ Seg ] El usuario [DARIJIM1] ingresó a la vista [/].
D 2026/09/11 10:12:41.736 [ i ] - [ Seg ] El usuario [DARIJIM1] ingresó a la vista [/].
D 2026/09/11 10:12:46.040 [ i ] - [ Seg ] El usuario [DARIJIM1] ingresó a la vista [/].
D 2026/09/11 10:12:47.339 [ i ] - [ Seg ] El usuario [DARIJIM1] ingresó a la vista [/].
D 2026/09/11 10:12:49.500 [ i ] - [ Seg ] El usuario [DARIJIM1] ingresó a la vista [/].
D 2026/09/11 10:12:51.037 [ i ] - [ Seg ] El usuario [DARIJIM1] ingresó a la vista [/].
D 2026/09/11 10:12:52.616 [ i ] - [ Seg ] El usuario [DARIJIM1] ingresó a la vista [/].
D 2026/09/11 10:12:53.823 [ i ] - [ Seg ] El usuario [DARIJIM1] ingresó a la vista [/].
D 2026/09/11 10:14:28.778 [ i ] - [ Seg ] El usuario [DARIJIM1] ingresó a la vista [/calendario].
D 2026/09/11 10:16:37.174 [ i ] - [ Seg ] El usuario [DARIJIM1] ingresó a la vista [/].
D 2026/09/11 10:21:10.551 [ i ] - [ Seg ] El usuario [DARIJIM1] ingresó a la vista [/].
D 2026/09/11 10:43:09.563 [ i ] - [ Seg ] El usuario [DARIJIM1] ingresó a la vista [/].
D 2026/09/11 10:43:11.774 [ i ] - [ Seg ] El usuario [DARIJIM1] ingresó a la vista [/usuarios].
D 2026/09/11 10:43:12.096 [ i ] - [ Seg ] El usuario [DARIJIM1] ingresó a la vista [/usuarios/buscarcolaboradorescorporativos].
D 2026/09/11 11:07:00.713 [ i ] - [ Seg ] El usuario [DARIJIM1] ingresó a la vista [/usuarios].
D 2026/09/11 11:07:00.934 [ i ] - [ Seg ] El usuario [DARIJIM1] ingresó a la vista [/usuarios/buscarcolaboradorescorporativos].
D 2026/09/11 11:07:05.974 [ i ] - [ Seg ] El usuario [DARIJIM1] ingresó a la vista [/].
D 2026/09/11 11:07:13.241 [ i ] - [ Seg ] El usuario [DARIJIM1] ingresó a la vista [/].
D 2026/09/11 11:07:18.039 [ i ] - [ Seg ] El usuario [DARIJIM1] ingresó a la vista [/].
D 2026/09/11 11:07:20.946 [ i ] - [ Seg ] El usuario [DARIJIM1] ingresó a la vista [/].
D 2026/09/11 11:07:30.292 [ i ] - [ Seg ] El usuario [DARIJIM1] ingresó a la vista [/].
D 2026/09/11 11:07:31.507 [ i ] - [ Seg ] El usuario [DARIJIM1] ingresó a la vista [/].
D 2026/09/11 11:07:32.130 [ i ] - [ Seg ] El usuario [DARIJIM1] ingresó a la vista [/].
D 2026/09/11 11:07:38.138 [ i ] - [ Seg ] El usuario [DARIJIM1] ingresó a la vista [/].
D 2026/09/11 11:07:39.876 [ i ] - [ Seg ] El usuario [DARIJIM1] ingresó a la vista [/].
D 2026/09/11 11:07:40.915 [ i ] - [ Seg ] El usuario [DARIJIM1] ingresó a la vista [/].
D 2026/09/11 11:07:45.532 [ i ] - [ Seg ] El usuario [DARIJIM1] ingresó a la vista [/].
D 2026/09/11 11:08:06.160 [ i ] - [ Seg ] El usuario [DARIJIM1] ingresó a la vista [/].
D 2026/09/11 11:15:53.003 [ i ] - [ Seg ] El usuario [DARIJIM1] ingresó a la vista [/].
D 2026/09/11 11:15:57.134 [ i ] - [ Seg ] El usuario [DARIJIM1] ingresó a la vista [/].
D 2026/09/11 11:16:09.257 [ i ] - [ Seg ] El usuario [DARIJIM1] ingresó a la vista [/].
D 2026/09/11 11:16:11.766 [ i ] - [ Seg ] El usuario [DARIJIM1] ingresó a la vista [/usuarios].
D 2026/09/11 11:16:11.868 [ i ] - [ Seg ] El usuario [DARIJIM1] ingresó a la vista [/usuarios/buscarcolaboradorescorporativos].
D 2026/09/11 11:16:30.291 [ i ] - [ Seg ] El usuario [DARIJIM1] ingresó a la vista [/usuarios/asignarnivel].
D 2026/09/11 11:17:49.995 [ i ] - [ Seg ] El usuario [DARIJIM1] ingresó a la vista [/usuarios/asignarnivel].
D 2026/09/11 11:17:50.019 [ i ] - [ Usu ] El usuario [5] (sistemas) asignó Nivel [15] al colaborador [Jose Luis Zago Mazzocco] (CWID: [luis.zago]) en Planta [1].
D 2026/09/11 11:19:22.999 [ i ] - [ Seg ] El usuario [DARIJIM1] ingresó a la vista [/usuarios].
D 2026/09/11 11:19:23.064 [ i ] - [ Seg ] El usuario [DARIJIM1] ingresó a la vista [/usuarios/buscarcolaboradorescorporativos].
D 2026/09/11 11:19:26.952 [ i ] - [ Seg ] El usuario [DARIJIM1] ingresó a la vista [/usuarios].
D 2026/09/11 11:19:27.022 [ i ] - [ Seg ] El usuario [DARIJIM1] ingresó a la vista [/usuarios/buscarcolaboradorescorporativos].
D 2026/09/11 11:19:36.454 [ i ] - [ Seg ] El usuario [DARIJIM1] ingresó a la vista [/].
D 2026/09/11 11:19:40.133 [ i ] - [ Seg ] El usuario [DARIJIM1] ingresó a la vista [/].
D 2026/09/11 11:19:52.156 [ i ] - [ Seg ] El usuario [DARIJIM1] ingresó a la vista [/].
D 2026/09/11 11:22:40.060 [ i ] - [ Seg ] El usuario [DARIJIM1] ingresó a la vista [/usuarios].
D 2026/09/11 11:22:40.123 [ i ] - [ Seg ] El usuario [DARIJIM1] ingresó a la vista [/usuarios/buscarcolaboradorescorporativos].
D 2026/09/11 11:23:21.771 [ i ] - [ Seg ] El usuario [DARIJIM1] ingresó a la vista [/usuarios].
D 2026/09/11 11:23:22.026 [ i ] - [ Seg ] El usuario [DARIJIM1] ingresó a la vista [/usuarios/buscarcolaboradorescorporativos].
D 2026/09/11 11:23:35.259 [ i ] - [ Seg ] El usuario [DARIJIM1] ingresó a la vista [/auditoria].
D 2026/09/11 11:23:48.556 [ i ] - [ Seg ] El usuario [DARIJIM1] ingresó a la vista [/].
D 2026/09/11 11:23:49.708 [ i ] - [ Seg ] El usuario [DARIJIM1] ingresó a la vista [/usuarios].
D 2026/09/11 11:23:49.860 [ i ] - [ Seg ] El usuario [DARIJIM1] ingresó a la vista [/usuarios/buscarcolaboradorescorporativos].
D 2026/09/11 11:25:42.299 [ i ] - [ Seg ] El usuario [DARIJIM1] ingresó a la vista [/usuarios].
D 2026/09/11 11:25:42.356 [ i ] - [ Seg ] El usuario [DARIJIM1] ingresó a la vista [/usuarios/buscarcolaboradorescorporativos].
D 2026/09/11 11:25:50.718 [ i ] - [ Seg ] El usuario [DARIJIM1] ingresó a la vista [/auditoria].
D 2026/09/11 11:25:52.618 [ i ] - [ Seg ] El usuario [DARIJIM1] ingresó a la vista [/usuarios].
D 2026/09/11 11:25:52.721 [ i ] - [ Seg ] El usuario [DARIJIM1] ingresó a la vista [/usuarios/buscarcolaboradorescorporativos].
D 2026/09/11 11:26:16.521 [ i ] - [ Seg ] El usuario [DARIJIM1] ingresó a la vista [/].
D 2026/09/11 11:27:54.368 [ i ] - [ Seg ] El usuario [DARIJIM1] ingresó a la vista [/auditoria].
D 2026/09/11 11:27:55.521 [ i ] - [ Seg ] El usuario [DARIJIM1] ingresó a la vista [/usuarios].
D 2026/09/11 11:27:55.591 [ i ] - [ Seg ] El usuario [DARIJIM1] ingresó a la vista [/usuarios/buscarcolaboradorescorporativos].
D 2026/09/11 11:27:56.560 [ i ] - [ Seg ] El usuario [DARIJIM1] ingresó a la vista [/auditoria].
D 2026/09/11 11:29:20.653 [ i ] - [ Seg ] El usuario [DARIJIM1] ingresó a la vista [/auditoria].
D 2026/09/11 11:29:22.956 [ i ] - [ Seg ] El usuario [DARIJIM1] ingresó a la vista [/usuarios].
D 2026/09/11 11:29:23.048 [ i ] - [ Seg ] El usuario [DARIJIM1] ingresó a la vista [/usuarios/buscarcolaboradorescorporativos].
D 2026/09/11 11:29:25.166 [ i ] - [ Seg ] El usuario [DARIJIM1] ingresó a la vista [/].
D 2026/09/11 11:30:00.140 [ i ] - [ Seg ] El usuario [DARIJIM1] ingresó a la vista [/calendario].
D 2026/09/11 11:30:02.291 [ i ] - [ Seg ] El usuario [DARIJIM1] ingresó a la vista [/auditoria].
D 2026/09/11 11:35:19.084 [ i ] - [ Seg ] El usuario [DARIJIM1] ingresó a la vista [/].
D 2026/09/11 11:49:45.737 [ i ] - [ Seg ] El usuario [DARIJIM1] ingresó a la vista [/].
D 2026/09/11 11:49:50.287 [ i ] - [ Seg ] El usuario [DARIJIM1] ingresó a la vista [/].
D 2026/09/11 11:57:08.263 [ i ] - [ Seg ] El usuario [DARIJIM1] ingresó a la vista [/].
D 2026/09/11 11:57:17.511 [ i ] - [ Seg ] El usuario [DARIJIM1] ingresó a la vista [/].
D 2026/09/11 11:59:18.425 [ i ] - [ Seg ] El usuario [DARIJIM1] ingresó a la vista [/usuarios].
D 2026/09/11 11:59:18.521 [ i ] - [ Seg ] El usuario [DARIJIM1] ingresó a la vista [/usuarios/buscarcolaboradorescorporativos].
D 2026/09/11 12:00:58.810 [ i ] - [ Seg ] El usuario [DARIJIM1] ingresó a la vista [/usuarios].
D 2026/09/11 12:00:59.005 [ i ] - [ Seg ] El usuario [DARIJIM1] ingresó a la vista [/usuarios/buscarcolaboradorescorporativos].
D 2026/09/11 12:03:25.221 [ i ] - [ Seg ] El usuario [DARIJIM1] ingresó a la vista [/usuarios].
D 2026/09/11 12:03:25.420 [ i ] - [ Seg ] El usuario [DARIJIM1] ingresó a la vista [/usuarios/buscarcolaboradorescorporativos].
D 2026/09/11 12:03:35.652 [ i ] - [ Seg ] El usuario [DARIJIM1] ingresó a la vista [/usuarios].
D 2026/09/11 12:03:35.703 [ i ] - [ Seg ] El usuario [DARIJIM1] ingresó a la vista [/usuarios/buscarcolaboradorescorporativos].
D 2026/09/11 12:04:05.330 [ i ] - [ Seg ] El usuario [DARIJIM1] ingresó a la vista [/usuarios].
D 2026/09/11 12:04:05.389 [ i ] - [ Seg ] El usuario [DARIJIM1] ingresó a la vista [/usuarios/buscarcolaboradorescorporativos].
D 2026/09/11 12:07:18.391 [ i ] - [ Seg ] El usuario [DARIJIM1] ingresó a la vista [/usuarios].
D 2026/09/11 12:07:18.600 [ i ] - [ Seg ] El usuario [DARIJIM1] ingresó a la vista [/usuarios/buscarcolaboradorescorporativos].
D 2026/09/11 12:07:27.031 [ i ] - [ Seg ] El usuario [DARIJIM1] ingresó a la vista [/usuarios].
D 2026/09/11 12:07:27.108 [ i ] - [ Seg ] El usuario [DARIJIM1] ingresó a la vista [/usuarios/buscarcolaboradorescorporativos].
D 2026/09/11 12:09:15.640 [ i ] - [ Seg ] El usuario [DARIJIM1] ingresó a la vista [/usuarios].
D 2026/09/11 12:09:15.983 [ i ] - [ Seg ] El usuario [DARIJIM1] ingresó a la vista [/usuarios/buscarcolaboradorescorporativos].
D 2026/09/11 12:11:30.538 [ i ] - [ Seg ] El usuario [DARIJIM1] ingresó a la vista [/].
D 2026/09/11 12:11:32.091 [ i ] - [ Seg ] El usuario [DARIJIM1] ingresó a la vista [/usuarios].
D 2026/09/11 12:11:32.196 [ i ] - [ Seg ] El usuario [DARIJIM1] ingresó a la vista [/usuarios/buscarcolaboradorescorporativos].
D 2026/09/11 12:13:56.972 [ i ] - [ Seg ] El usuario [DARIJIM1] ingresó a la vista [/auditoria].
D 2026/09/11 12:15:04.321 [ i ] - [ Seg ] El usuario [DARIJIM1] ingresó a la vista [/usuarios].
D 2026/09/11 12:15:04.534 [ i ] - [ Seg ] El usuario [DARIJIM1] ingresó a la vista [/usuarios/buscarcolaboradorescorporativos].
D 2026/09/11 12:21:46.346 [ i ] - [ Seg ] El usuario [DARIJIM1] ingresó a la vista [/usuarios].
D 2026/09/11 12:21:46.595 [ i ] - [ Seg ] El usuario [DARIJIM1] ingresó a la vista [/usuarios/buscarcolaboradorescorporativos].
D 2026/09/11 12:21:47.655 [ i ] - [ Seg ] El usuario [DARIJIM1] ingresó a la vista [/auditoria].
D 2026/09/11 12:21:55.199 [ i ] - [ Seg ] El usuario [DARIJIM1] ingresó a la vista [/].
D 2026/09/11 12:22:18.349 [ i ] - [ Seg ] El usuario [DARIJIM1] ingresó a la vista [/calendario].
D 2026/09/11 12:22:23.206 [ i ] - [ Seg ] El usuario [DARIJIM1] ingresó a la vista [/auditoria].
D 2026/09/11 12:30:40.873 [ i ] - [ Seg ] El usuario [DARIJIM1] ingresó a la vista [/auditoria].
D 2026/09/11 12:31:30.039 [ i ] - [ Seg ] El usuario [DARIJIM1] ingresó a la vista [/auditoria].
D 2026/09/11 12:32:51.179 [ i ] - [ Seg ] El usuario [DARIJIM1] ingresó a la vista [/auditoria].
D 2026/09/11 12:33:04.889 [ i ] - [ Seg ] El usuario [DARIJIM1] ingresó a la vista [/].
D 2026/09/11 12:33:49.285 [ i ] - [ Seg ] El usuario [DARIJIM1] ingresó a la vista [/calendario].
D 2026/09/11 12:33:51.324 [ i ] - [ Seg ] El usuario [DARIJIM1] ingresó a la vista [/auditoria].
D 2026/09/11 12:35:23.087 [ i ] - [ Seg ] El usuario [DARIJIM1] ingresó a la vista [/auditoria].
D 2026/09/11 12:35:31.713 [ i ] - [ Seg ] El usuario [DARIJIM1] ingresó a la vista [/].
D 2026/09/11 12:36:03.907 [ i ] - [ Seg ] El usuario [DARIJIM1] ingresó a la vista [/calendario].
D 2026/09/11 12:36:05.992 [ i ] - [ Seg ] El usuario [DARIJIM1] ingresó a la vista [/auditoria].
D 2026/09/11 12:38:06.348 [ i ] - [ Seg ] El usuario [DARIJIM1] ingresó a la vista [/].
D 2026/09/11 12:42:39.429 [ i ] - [ Seg ] El usuario [DARIJIM1] ingresó a la vista [/calendario].
D 2026/09/11 12:45:10.942 [ i ] - [ Seg ] El usuario [DARIJIM1] ingresó a la vista [/calendario].
D 2026/09/11 12:45:12.555 [ i ] - [ Seg ] El usuario [DARIJIM1] ingresó a la vista [/calendario].
D 2026/09/11 12:45:39.348 [ i ] - [ Seg ] El usuario [DARIJIM1] ingresó a la vista [/calendario].
